Compiling test_passed/multidimentional_array.cpp...
C/C++ Syntax Analyzer with AST
==============================

Token: #include <stdio.h>   Type: PREPROCESSOR   
Token: int                  Type: KEYWORD        
Token: main                 Type: IDENTIFIER     
Token: (                    Type: LPAREN         
Token: )                    Type: RPAREN         
Token: {                    Type: LBRACE         
Token: printf               Type: IDENTIFIER     
Token: (                    Type: LPAREN         
Token: "=== Test 1: Basic 2D Array Access ===\n" Type: STRING_LITERAL 
Token: )                    Type: RPAREN         
Token: ;                    Type: SEMICOLON      
Token: int                  Type: KEYWORD        
Token: matrix               Type: IDENTIFIER     
Token: [                    Type: LBRACKET       
Token: 2                    Type: INTEGER_CONSTANT
Token: ]                    Type: RBRACKET       
Token: [                    Type: LBRACKET       
Token: 2                    Type: INTEGER_CONSTANT
Token: ]                    Type: RBRACKET       
Token: =                    Type: ASSIGN         
Token: {                    Type: LBRACE         
Token: {                    Type: LBRACE         
Token: 1                    Type: INTEGER_CONSTANT
Token: ,                    Type: COMMA          
Token: 2                    Type: INTEGER_CONSTANT
Token: }                    Type: RBRACE         
Token: ,                    Type: COMMA          
Token: {                    Type: LBRACE         
Token: 3                    Type: INTEGER_CONSTANT
Token: ,                    Type: COMMA          
Token: 4                    Type: INTEGER_CONSTANT
Token: }                    Type: RBRACE         
Token: }                    Type: RBRACE         
Token: ;                    Type: SEMICOLON      
Token: printf               Type: IDENTIFIER     
Token: (                    Type: LPAREN         
Token: "matrix[0][0] = %d\n" Type: STRING_LITERAL 
Token: ,                    Type: COMMA          
Token: matrix               Type: IDENTIFIER     
Token: [                    Type: LBRACKET       
Token: 0                    Type: INTEGER_CONSTANT
Token: ]                    Type: RBRACKET       
Token: [                    Type: LBRACKET       
Token: 0                    Type: INTEGER_CONSTANT
Token: ]                    Type: RBRACKET       
Token: )                    Type: RPAREN         
Token: ;                    Type: SEMICOLON      
Token: printf               Type: IDENTIFIER     
Token: (                    Type: LPAREN         
Token: "matrix[0][1] = %d\n" Type: STRING_LITERAL 
Token: ,                    Type: COMMA          
Token: matrix               Type: IDENTIFIER     
Token: [                    Type: LBRACKET       
Token: 0                    Type: INTEGER_CONSTANT
Token: ]                    Type: RBRACKET       
Token: [                    Type: LBRACKET       
Token: 1                    Type: INTEGER_CONSTANT
Token: ]                    Type: RBRACKET       
Token: )                    Type: RPAREN         
Token: ;                    Type: SEMICOLON      
Token: printf               Type: IDENTIFIER     
Token: (                    Type: LPAREN         
Token: "matrix[1][0] = %d\n" Type: STRING_LITERAL 
Token: ,                    Type: COMMA          
Token: matrix               Type: IDENTIFIER     
Token: [                    Type: LBRACKET       
Token: 1                    Type: INTEGER_CONSTANT
Token: ]                    Type: RBRACKET       
Token: [                    Type: LBRACKET       
Token: 0                    Type: INTEGER_CONSTANT
Token: ]                    Type: RBRACKET       
Token: )                    Type: RPAREN         
Token: ;                    Type: SEMICOLON      
Token: printf               Type: IDENTIFIER     
Token: (                    Type: LPAREN         
Token: "matrix[1][1] = %d\n" Type: STRING_LITERAL 
Token: ,                    Type: COMMA          
Token: matrix               Type: IDENTIFIER     
Token: [                    Type: LBRACKET       
Token: 1                    Type: INTEGER_CONSTANT
Token: ]                    Type: RBRACKET       
Token: [                    Type: LBRACKET       
Token: 1                    Type: INTEGER_CONSTANT
Token: ]                    Type: RBRACKET       
Token: )                    Type: RPAREN         
Token: ;                    Type: SEMICOLON      
Token: printf               Type: IDENTIFIER     
Token: (                    Type: LPAREN         
Token: "\n=== Test 2: 3x3 Matrix Operations ===\n" Type: STRING_LITERAL 
Token: )                    Type: RPAREN         
Token: ;                    Type: SEMICOLON      
Token: int                  Type: KEYWORD        
Token: a                    Type: IDENTIFIER     
Token: [                    Type: LBRACKET       
Token: 3                    Type: INTEGER_CONSTANT
Token: ]                    Type: RBRACKET       
Token: [                    Type: LBRACKET       
Token: 3                    Type: INTEGER_CONSTANT
Token: ]                    Type: RBRACKET       
Token: =                    Type: ASSIGN         
Token: {                    Type: LBRACE         
Token: {                    Type: LBRACE         
Token: 1                    Type: INTEGER_CONSTANT
Token: ,                    Type: COMMA          
Token: 2                    Type: INTEGER_CONSTANT
Token: ,                    Type: COMMA          
Token: 3                    Type: INTEGER_CONSTANT
Token: }                    Type: RBRACE         
Token: ,                    Type: COMMA          
Token: {                    Type: LBRACE         
Token: 4                    Type: INTEGER_CONSTANT
Token: ,                    Type: COMMA          
Token: 5                    Type: INTEGER_CONSTANT
Token: ,                    Type: COMMA          
Token: 6                    Type: INTEGER_CONSTANT
Token: }                    Type: RBRACE         
Token: ,                    Type: COMMA          
Token: {                    Type: LBRACE         
Token: 7                    Type: INTEGER_CONSTANT
Token: ,                    Type: COMMA          
Token: 8                    Type: INTEGER_CONSTANT
Token: ,                    Type: COMMA          
Token: 9                    Type: INTEGER_CONSTANT
Token: }                    Type: RBRACE         
Token: }                    Type: RBRACE         
Token: ;                    Type: SEMICOLON      
Token: printf               Type: IDENTIFIER     
Token: (                    Type: LPAREN         
Token: "Original Matrix:\n" Type: STRING_LITERAL 
Token: )                    Type: RPAREN         
Token: ;                    Type: SEMICOLON      
Token: for                  Type: KEYWORD        
Token: (                    Type: LPAREN         
Token: int                  Type: KEYWORD        
Token: i                    Type: IDENTIFIER     
Token: =                    Type: ASSIGN         
Token: 0                    Type: INTEGER_CONSTANT
Token: ;                    Type: SEMICOLON      
Token: i                    Type: IDENTIFIER     
Token: <                    Type: RELATIONAL_OP  
Token: 3                    Type: INTEGER_CONSTANT
Token: ;                    Type: SEMICOLON      
Token: i                    Type: IDENTIFIER     
Token: ++                   Type: POSTFIX_OP     
Token: )                    Type: RPAREN         
Token: {                    Type: LBRACE         
Token: for                  Type: KEYWORD        
Token: (                    Type: LPAREN         
Token: int                  Type: KEYWORD        
Token: j                    Type: IDENTIFIER     
Token: =                    Type: ASSIGN         
Token: 0                    Type: INTEGER_CONSTANT
Token: ;                    Type: SEMICOLON      
Token: j                    Type: IDENTIFIER     
Token: <                    Type: RELATIONAL_OP  
Token: 3                    Type: INTEGER_CONSTANT
Token: ;                    Type: SEMICOLON      
Token: j                    Type: IDENTIFIER     
Token: ++                   Type: POSTFIX_OP     
Token: )                    Type: RPAREN         
Token: {                    Type: LBRACE         
Token: printf               Type: IDENTIFIER     
Token: (                    Type: LPAREN         
Token: "%d "                Type: STRING_LITERAL 
Token: ,                    Type: COMMA          
Token: a                    Type: IDENTIFIER     
Token: [                    Type: LBRACKET       
Token: i                    Type: IDENTIFIER     
Token: ]                    Type: RBRACKET       
Token: [                    Type: LBRACKET       
Token: j                    Type: IDENTIFIER     
Token: ]                    Type: RBRACKET       
Token: )                    Type: RPAREN         
Token: ;                    Type: SEMICOLON      
Token: }                    Type: RBRACE         
Token: printf               Type: IDENTIFIER     
Token: (                    Type: LPAREN         
Token: "\n"                 Type: STRING_LITERAL 
Token: )                    Type: RPAREN         
Token: ;                    Type: SEMICOLON      
Token: }                    Type: RBRACE         
Token: printf               Type: IDENTIFIER     
Token: (                    Type: LPAREN         
Token: "\n=== Test 3: Matrix Transpose ===\n" Type: STRING_LITERAL 
Token: )                    Type: RPAREN         
Token: ;                    Type: SEMICOLON      
Token: int                  Type: KEYWORD        
Token: b                    Type: IDENTIFIER     
Token: [                    Type: LBRACKET       
Token: 3                    Type: INTEGER_CONSTANT
Token: ]                    Type: RBRACKET       
Token: [                    Type: LBRACKET       
Token: 3                    Type: INTEGER_CONSTANT
Token: ]                    Type: RBRACKET       
Token: ;                    Type: SEMICOLON      
Token: for                  Type: KEYWORD        
Token: (                    Type: LPAREN         
Token: int                  Type: KEYWORD        
Token: i                    Type: IDENTIFIER     
Token: =                    Type: ASSIGN         
Token: 0                    Type: INTEGER_CONSTANT
Token: ;                    Type: SEMICOLON      
Token: i                    Type: IDENTIFIER     
Token: <                    Type: RELATIONAL_OP  
Token: 3                    Type: INTEGER_CONSTANT
Token: ;                    Type: SEMICOLON      
Token: i                    Type: IDENTIFIER     
Token: ++                   Type: POSTFIX_OP     
Token: )                    Type: RPAREN         
Token: {                    Type: LBRACE         
Token: for                  Type: KEYWORD        
Token: (                    Type: LPAREN         
Token: int                  Type: KEYWORD        
Token: j                    Type: IDENTIFIER     
Token: =                    Type: ASSIGN         
Token: 0                    Type: INTEGER_CONSTANT
Token: ;                    Type: SEMICOLON      
Token: j                    Type: IDENTIFIER     
Token: <                    Type: RELATIONAL_OP  
Token: 3                    Type: INTEGER_CONSTANT
Token: ;                    Type: SEMICOLON      
Token: j                    Type: IDENTIFIER     
Token: ++                   Type: POSTFIX_OP     
Token: )                    Type: RPAREN         
Token: {                    Type: LBRACE         
Token: b                    Type: IDENTIFIER     
Token: [                    Type: LBRACKET       
Token: j                    Type: IDENTIFIER     
Token: ]                    Type: RBRACKET       
Token: [                    Type: LBRACKET       
Token: i                    Type: IDENTIFIER     
Token: ]                    Type: RBRACKET       
Token: =                    Type: ASSIGN         
Token: a                    Type: IDENTIFIER     
Token: [                    Type: LBRACKET       
Token: i                    Type: IDENTIFIER     
Token: ]                    Type: RBRACKET       
Token: [                    Type: LBRACKET       
Token: j                    Type: IDENTIFIER     
Token: ]                    Type: RBRACKET       
Token: ;                    Type: SEMICOLON      
Token: }                    Type: RBRACE         
Token: }                    Type: RBRACE         
Token: printf               Type: IDENTIFIER     
Token: (                    Type: LPAREN         
Token: "Transposed Matrix:\n" Type: STRING_LITERAL 
Token: )                    Type: RPAREN         
Token: ;                    Type: SEMICOLON      
Token: for                  Type: KEYWORD        
Token: (                    Type: LPAREN         
Token: int                  Type: KEYWORD        
Token: i                    Type: IDENTIFIER     
Token: =                    Type: ASSIGN         
Token: 0                    Type: INTEGER_CONSTANT
Token: ;                    Type: SEMICOLON      
Token: i                    Type: IDENTIFIER     
Token: <                    Type: RELATIONAL_OP  
Token: 3                    Type: INTEGER_CONSTANT
Token: ;                    Type: SEMICOLON      
Token: i                    Type: IDENTIFIER     
Token: ++                   Type: POSTFIX_OP     
Token: )                    Type: RPAREN         
Token: {                    Type: LBRACE         
Token: for                  Type: KEYWORD        
Token: (                    Type: LPAREN         
Token: int                  Type: KEYWORD        
Token: j                    Type: IDENTIFIER     
Token: =                    Type: ASSIGN         
Token: 0                    Type: INTEGER_CONSTANT
Token: ;                    Type: SEMICOLON      
Token: j                    Type: IDENTIFIER     
Token: <                    Type: RELATIONAL_OP  
Token: 3                    Type: INTEGER_CONSTANT
Token: ;                    Type: SEMICOLON      
Token: j                    Type: IDENTIFIER     
Token: ++                   Type: POSTFIX_OP     
Token: )                    Type: RPAREN         
Token: {                    Type: LBRACE         
Token: printf               Type: IDENTIFIER     
Token: (                    Type: LPAREN         
Token: "%d "                Type: STRING_LITERAL 
Token: ,                    Type: COMMA          
Token: b                    Type: IDENTIFIER     
Token: [                    Type: LBRACKET       
Token: i                    Type: IDENTIFIER     
Token: ]                    Type: RBRACKET       
Token: [                    Type: LBRACKET       
Token: j                    Type: IDENTIFIER     
Token: ]                    Type: RBRACKET       
Token: )                    Type: RPAREN         
Token: ;                    Type: SEMICOLON      
Token: }                    Type: RBRACE         
Token: printf               Type: IDENTIFIER     
Token: (                    Type: LPAREN         
Token: "\n"                 Type: STRING_LITERAL 
Token: )                    Type: RPAREN         
Token: ;                    Type: SEMICOLON      
Token: }                    Type: RBRACE         
Token: printf               Type: IDENTIFIER     
Token: (                    Type: LPAREN         
Token: "\n=== Test 4: Sum of All Elements ===\n" Type: STRING_LITERAL 
Token: )                    Type: RPAREN         
Token: ;                    Type: SEMICOLON      
Token: int                  Type: KEYWORD        
Token: sum                  Type: IDENTIFIER     
Token: =                    Type: ASSIGN         
Token: 0                    Type: INTEGER_CONSTANT
Token: ;                    Type: SEMICOLON      
Token: for                  Type: KEYWORD        
Token: (                    Type: LPAREN         
Token: int                  Type: KEYWORD        
Token: i                    Type: IDENTIFIER     
Token: =                    Type: ASSIGN         
Token: 0                    Type: INTEGER_CONSTANT
Token: ;                    Type: SEMICOLON      
Token: i                    Type: IDENTIFIER     
Token: <                    Type: RELATIONAL_OP  
Token: 3                    Type: INTEGER_CONSTANT
Token: ;                    Type: SEMICOLON      
Token: i                    Type: IDENTIFIER     
Token: ++                   Type: POSTFIX_OP     
Token: )                    Type: RPAREN         
Token: {                    Type: LBRACE         
Token: for                  Type: KEYWORD        
Token: (                    Type: LPAREN         
Token: int                  Type: KEYWORD        
Token: j                    Type: IDENTIFIER     
Token: =                    Type: ASSIGN         
Token: 0                    Type: INTEGER_CONSTANT
Token: ;                    Type: SEMICOLON      
Token: j                    Type: IDENTIFIER     
Token: <                    Type: RELATIONAL_OP  
Token: 3                    Type: INTEGER_CONSTANT
Token: ;                    Type: SEMICOLON      
Token: j                    Type: IDENTIFIER     
Token: ++                   Type: POSTFIX_OP     
Token: )                    Type: RPAREN         
Token: {                    Type: LBRACE         
Token: sum                  Type: IDENTIFIER     
Token: =                    Type: ASSIGN         
Token: sum                  Type: IDENTIFIER     
Token: +                    Type: ARITHMETIC_OP  
Token: a                    Type: IDENTIFIER     
Token: [                    Type: LBRACKET       
Token: i                    Type: IDENTIFIER     
Token: ]                    Type: RBRACKET       
Token: [                    Type: LBRACKET       
Token: j                    Type: IDENTIFIER     
Token: ]                    Type: RBRACKET       
Token: ;                    Type: SEMICOLON      
Token: }                    Type: RBRACE         
Token: }                    Type: RBRACE         
Token: printf               Type: IDENTIFIER     
Token: (                    Type: LPAREN         
Token: "Total sum: %d\n"    Type: STRING_LITERAL 
Token: ,                    Type: COMMA          
Token: sum                  Type: IDENTIFIER     
Token: )                    Type: RPAREN         
Token: ;                    Type: SEMICOLON      
Token: printf               Type: IDENTIFIER     
Token: (                    Type: LPAREN         
Token: "\n=== Test 5: Row Sums ===\n" Type: STRING_LITERAL 
Token: )                    Type: RPAREN         
Token: ;                    Type: SEMICOLON      
Token: for                  Type: KEYWORD        
Token: (                    Type: LPAREN         
Token: int                  Type: KEYWORD        
Token: i                    Type: IDENTIFIER     
Token: =                    Type: ASSIGN         
Token: 0                    Type: INTEGER_CONSTANT
Token: ;                    Type: SEMICOLON      
Token: i                    Type: IDENTIFIER     
Token: <                    Type: RELATIONAL_OP  
Token: 3                    Type: INTEGER_CONSTANT
Token: ;                    Type: SEMICOLON      
Token: i                    Type: IDENTIFIER     
Token: ++                   Type: POSTFIX_OP     
Token: )                    Type: RPAREN         
Token: {                    Type: LBRACE         
Token: int                  Type: KEYWORD        
Token: row_sum              Type: IDENTIFIER     
Token: =                    Type: ASSIGN         
Token: 0                    Type: INTEGER_CONSTANT
Token: ;                    Type: SEMICOLON      
Token: for                  Type: KEYWORD        
Token: (                    Type: LPAREN         
Token: int                  Type: KEYWORD        
Token: j                    Type: IDENTIFIER     
Token: =                    Type: ASSIGN         
Token: 0                    Type: INTEGER_CONSTANT
Token: ;                    Type: SEMICOLON      
Token: j                    Type: IDENTIFIER     
Token: <                    Type: RELATIONAL_OP  
Token: 3                    Type: INTEGER_CONSTANT
Token: ;                    Type: SEMICOLON      
Token: j                    Type: IDENTIFIER     
Token: ++                   Type: POSTFIX_OP     
Token: )                    Type: RPAREN         
Token: {                    Type: LBRACE         
Token: row_sum              Type: IDENTIFIER     
Token: =                    Type: ASSIGN         
Token: row_sum              Type: IDENTIFIER     
Token: +                    Type: ARITHMETIC_OP  
Token: a                    Type: IDENTIFIER     
Token: [                    Type: LBRACKET       
Token: i                    Type: IDENTIFIER     
Token: ]                    Type: RBRACKET       
Token: [                    Type: LBRACKET       
Token: j                    Type: IDENTIFIER     
Token: ]                    Type: RBRACKET       
Token: ;                    Type: SEMICOLON      
Token: }                    Type: RBRACE         
Token: printf               Type: IDENTIFIER     
Token: (                    Type: LPAREN         
Token: "Row %d sum: %d\n"   Type: STRING_LITERAL 
Token: ,                    Type: COMMA          
Token: i                    Type: IDENTIFIER     
Token: ,                    Type: COMMA          
Token: row_sum              Type: IDENTIFIER     
Token: )                    Type: RPAREN         
Token: ;                    Type: SEMICOLON      
Token: }                    Type: RBRACE         
Token: printf               Type: IDENTIFIER     
Token: (                    Type: LPAREN         
Token: "\n=== Test 6: Column Sums ===\n" Type: STRING_LITERAL 
Token: )                    Type: RPAREN         
Token: ;                    Type: SEMICOLON      
Token: for                  Type: KEYWORD        
Token: (                    Type: LPAREN         
Token: int                  Type: KEYWORD        
Token: j                    Type: IDENTIFIER     
Token: =                    Type: ASSIGN         
Token: 0                    Type: INTEGER_CONSTANT
Token: ;                    Type: SEMICOLON      
Token: j                    Type: IDENTIFIER     
Token: <                    Type: RELATIONAL_OP  
Token: 3                    Type: INTEGER_CONSTANT
Token: ;                    Type: SEMICOLON      
Token: j                    Type: IDENTIFIER     
Token: ++                   Type: POSTFIX_OP     
Token: )                    Type: RPAREN         
Token: {                    Type: LBRACE         
Token: int                  Type: KEYWORD        
Token: col_sum              Type: IDENTIFIER     
Token: =                    Type: ASSIGN         
Token: 0                    Type: INTEGER_CONSTANT
Token: ;                    Type: SEMICOLON      
Token: for                  Type: KEYWORD        
Token: (                    Type: LPAREN         
Token: int                  Type: KEYWORD        
Token: i                    Type: IDENTIFIER     
Token: =                    Type: ASSIGN         
Token: 0                    Type: INTEGER_CONSTANT
Token: ;                    Type: SEMICOLON      
Token: i                    Type: IDENTIFIER     
Token: <                    Type: RELATIONAL_OP  
Token: 3                    Type: INTEGER_CONSTANT
Token: ;                    Type: SEMICOLON      
Token: i                    Type: IDENTIFIER     
Token: ++                   Type: POSTFIX_OP     
Token: )                    Type: RPAREN         
Token: {                    Type: LBRACE         
Token: col_sum              Type: IDENTIFIER     
Token: =                    Type: ASSIGN         
Token: col_sum              Type: IDENTIFIER     
Token: +                    Type: ARITHMETIC_OP  
Token: a                    Type: IDENTIFIER     
Token: [                    Type: LBRACKET       
Token: i                    Type: IDENTIFIER     
Token: ]                    Type: RBRACKET       
Token: [                    Type: LBRACKET       
Token: j                    Type: IDENTIFIER     
Token: ]                    Type: RBRACKET       
Token: ;                    Type: SEMICOLON      
Token: }                    Type: RBRACE         
Token: printf               Type: IDENTIFIER     
Token: (                    Type: LPAREN         
Token: "Column %d sum: %d\n" Type: STRING_LITERAL 
Token: ,                    Type: COMMA          
Token: j                    Type: IDENTIFIER     
Token: ,                    Type: COMMA          
Token: col_sum              Type: IDENTIFIER     
Token: )                    Type: RPAREN         
Token: ;                    Type: SEMICOLON      
Token: }                    Type: RBRACE         
Token: printf               Type: IDENTIFIER     
Token: (                    Type: LPAREN         
Token: "\n=== Test 7: Diagonal Elements ===\n" Type: STRING_LITERAL 
Token: )                    Type: RPAREN         
Token: ;                    Type: SEMICOLON      
Token: printf               Type: IDENTIFIER     
Token: (                    Type: LPAREN         
Token: "Main diagonal: "    Type: STRING_LITERAL 
Token: )                    Type: RPAREN         
Token: ;                    Type: SEMICOLON      
Token: for                  Type: KEYWORD        
Token: (                    Type: LPAREN         
Token: int                  Type: KEYWORD        
Token: i                    Type: IDENTIFIER     
Token: =                    Type: ASSIGN         
Token: 0                    Type: INTEGER_CONSTANT
Token: ;                    Type: SEMICOLON      
Token: i                    Type: IDENTIFIER     
Token: <                    Type: RELATIONAL_OP  
Token: 3                    Type: INTEGER_CONSTANT
Token: ;                    Type: SEMICOLON      
Token: i                    Type: IDENTIFIER     
Token: ++                   Type: POSTFIX_OP     
Token: )                    Type: RPAREN         
Token: {                    Type: LBRACE         
Token: printf               Type: IDENTIFIER     
Token: (                    Type: LPAREN         
Token: "%d "                Type: STRING_LITERAL 
Token: ,                    Type: COMMA          
Token: a                    Type: IDENTIFIER     
Token: [                    Type: LBRACKET       
Token: i                    Type: IDENTIFIER     
Token: ]                    Type: RBRACKET       
Token: [                    Type: LBRACKET       
Token: i                    Type: IDENTIFIER     
Token: ]                    Type: RBRACKET       
Token: )                    Type: RPAREN         
Token: ;                    Type: SEMICOLON      
Token: }                    Type: RBRACE         
Token: printf               Type: IDENTIFIER     
Token: (                    Type: LPAREN         
Token: "\n"                 Type: STRING_LITERAL 
Token: )                    Type: RPAREN         
Token: ;                    Type: SEMICOLON      
Token: printf               Type: IDENTIFIER     
Token: (                    Type: LPAREN         
Token: "Anti-diagonal: "    Type: STRING_LITERAL 
Token: )                    Type: RPAREN         
Token: ;                    Type: SEMICOLON      
Token: for                  Type: KEYWORD        
Token: (                    Type: LPAREN         
Token: int                  Type: KEYWORD        
Token: i                    Type: IDENTIFIER     
Token: =                    Type: ASSIGN         
Token: 0                    Type: INTEGER_CONSTANT
Token: ;                    Type: SEMICOLON      
Token: i                    Type: IDENTIFIER     
Token: <                    Type: RELATIONAL_OP  
Token: 3                    Type: INTEGER_CONSTANT
Token: ;                    Type: SEMICOLON      
Token: i                    Type: IDENTIFIER     
Token: ++                   Type: POSTFIX_OP     
Token: )                    Type: RPAREN         
Token: {                    Type: LBRACE         
Token: printf               Type: IDENTIFIER     
Token: (                    Type: LPAREN         
Token: "%d "                Type: STRING_LITERAL 
Token: ,                    Type: COMMA          
Token: a                    Type: IDENTIFIER     
Token: [                    Type: LBRACKET       
Token: i                    Type: IDENTIFIER     
Token: ]                    Type: RBRACKET       
Token: [                    Type: LBRACKET       
Token: 2                    Type: INTEGER_CONSTANT
Token: -                    Type: ARITHMETIC_OP  
Token: i                    Type: IDENTIFIER     
Token: ]                    Type: RBRACKET       
Token: )                    Type: RPAREN         
Token: ;                    Type: SEMICOLON      
Token: }                    Type: RBRACE         
Token: printf               Type: IDENTIFIER     
Token: (                    Type: LPAREN         
Token: "\n"                 Type: STRING_LITERAL 
Token: )                    Type: RPAREN         
Token: ;                    Type: SEMICOLON      
Token: printf               Type: IDENTIFIER     
Token: (                    Type: LPAREN         
Token: "\n=== Test 8: Array Copy ===\n" Type: STRING_LITERAL 
Token: )                    Type: RPAREN         
Token: ;                    Type: SEMICOLON      
Token: int                  Type: KEYWORD        
Token: c                    Type: IDENTIFIER     
Token: [                    Type: LBRACKET       
Token: 3                    Type: INTEGER_CONSTANT
Token: ]                    Type: RBRACKET       
Token: [                    Type: LBRACKET       
Token: 3                    Type: INTEGER_CONSTANT
Token: ]                    Type: RBRACKET       
Token: ;                    Type: SEMICOLON      
Token: for                  Type: KEYWORD        
Token: (                    Type: LPAREN         
Token: int                  Type: KEYWORD        
Token: i                    Type: IDENTIFIER     
Token: =                    Type: ASSIGN         
Token: 0                    Type: INTEGER_CONSTANT
Token: ;                    Type: SEMICOLON      
Token: i                    Type: IDENTIFIER     
Token: <                    Type: RELATIONAL_OP  
Token: 3                    Type: INTEGER_CONSTANT
Token: ;                    Type: SEMICOLON      
Token: i                    Type: IDENTIFIER     
Token: ++                   Type: POSTFIX_OP     
Token: )                    Type: RPAREN         
Token: {                    Type: LBRACE         
Token: for                  Type: KEYWORD        
Token: (                    Type: LPAREN         
Token: int                  Type: KEYWORD        
Token: j                    Type: IDENTIFIER     
Token: =                    Type: ASSIGN         
Token: 0                    Type: INTEGER_CONSTANT
Token: ;                    Type: SEMICOLON      
Token: j                    Type: IDENTIFIER     
Token: <                    Type: RELATIONAL_OP  
Token: 3                    Type: INTEGER_CONSTANT
Token: ;                    Type: SEMICOLON      
Token: j                    Type: IDENTIFIER     
Token: ++                   Type: POSTFIX_OP     
Token: )                    Type: RPAREN         
Token: {                    Type: LBRACE         
Token: c                    Type: IDENTIFIER     
Token: [                    Type: LBRACKET       
Token: i                    Type: IDENTIFIER     
Token: ]                    Type: RBRACKET       
Token: [                    Type: LBRACKET       
Token: j                    Type: IDENTIFIER     
Token: ]                    Type: RBRACKET       
Token: =                    Type: ASSIGN         
Token: a                    Type: IDENTIFIER     
Token: [                    Type: LBRACKET       
Token: i                    Type: IDENTIFIER     
Token: ]                    Type: RBRACKET       
Token: [                    Type: LBRACKET       
Token: j                    Type: IDENTIFIER     
Token: ]                    Type: RBRACKET       
Token: ;                    Type: SEMICOLON      
Token: }                    Type: RBRACE         
Token: }                    Type: RBRACE         
Token: printf               Type: IDENTIFIER     
Token: (                    Type: LPAREN         
Token: "Copied array:\n"    Type: STRING_LITERAL 
Token: )                    Type: RPAREN         
Token: ;                    Type: SEMICOLON      
Token: for                  Type: KEYWORD        
Token: (                    Type: LPAREN         
Token: int                  Type: KEYWORD        
Token: i                    Type: IDENTIFIER     
Token: =                    Type: ASSIGN         
Token: 0                    Type: INTEGER_CONSTANT
Token: ;                    Type: SEMICOLON      
Token: i                    Type: IDENTIFIER     
Token: <                    Type: RELATIONAL_OP  
Token: 3                    Type: INTEGER_CONSTANT
Token: ;                    Type: SEMICOLON      
Token: i                    Type: IDENTIFIER     
Token: ++                   Type: POSTFIX_OP     
Token: )                    Type: RPAREN         
Token: {                    Type: LBRACE         
Token: for                  Type: KEYWORD        
Token: (                    Type: LPAREN         
Token: int                  Type: KEYWORD        
Token: j                    Type: IDENTIFIER     
Token: =                    Type: ASSIGN         
Token: 0                    Type: INTEGER_CONSTANT
Token: ;                    Type: SEMICOLON      
Token: j                    Type: IDENTIFIER     
Token: <                    Type: RELATIONAL_OP  
Token: 3                    Type: INTEGER_CONSTANT
Token: ;                    Type: SEMICOLON      
Token: j                    Type: IDENTIFIER     
Token: ++                   Type: POSTFIX_OP     
Token: )                    Type: RPAREN         
Token: {                    Type: LBRACE         
Token: printf               Type: IDENTIFIER     
Token: (                    Type: LPAREN         
Token: "%d "                Type: STRING_LITERAL 
Token: ,                    Type: COMMA          
Token: c                    Type: IDENTIFIER     
Token: [                    Type: LBRACKET       
Token: i                    Type: IDENTIFIER     
Token: ]                    Type: RBRACKET       
Token: [                    Type: LBRACKET       
Token: j                    Type: IDENTIFIER     
Token: ]                    Type: RBRACKET       
Token: )                    Type: RPAREN         
Token: ;                    Type: SEMICOLON      
Token: }                    Type: RBRACE         
Token: printf               Type: IDENTIFIER     
Token: (                    Type: LPAREN         
Token: "\n"                 Type: STRING_LITERAL 
Token: )                    Type: RPAREN         
Token: ;                    Type: SEMICOLON      
Token: }                    Type: RBRACE         
Token: printf               Type: IDENTIFIER     
Token: (                    Type: LPAREN         
Token: "\n=== Test 11: Scalar Multiplication ===\n" Type: STRING_LITERAL 
Token: )                    Type: RPAREN         
Token: ;                    Type: SEMICOLON      
Token: int                  Type: KEYWORD        
Token: scalar               Type: IDENTIFIER     
Token: =                    Type: ASSIGN         
Token: 2                    Type: INTEGER_CONSTANT
Token: ;                    Type: SEMICOLON      
Token: printf               Type: IDENTIFIER     
Token: (                    Type: LPAREN         
Token: "Multiply by %d:\n"  Type: STRING_LITERAL 
Token: ,                    Type: COMMA          
Token: scalar               Type: IDENTIFIER     
Token: )                    Type: RPAREN         
Token: ;                    Type: SEMICOLON      
Token: for                  Type: KEYWORD        
Token: (                    Type: LPAREN         
Token: int                  Type: KEYWORD        
Token: i                    Type: IDENTIFIER     
Token: =                    Type: ASSIGN         
Token: 0                    Type: INTEGER_CONSTANT
Token: ;                    Type: SEMICOLON      
Token: i                    Type: IDENTIFIER     
Token: <                    Type: RELATIONAL_OP  
Token: 3                    Type: INTEGER_CONSTANT
Token: ;                    Type: SEMICOLON      
Token: i                    Type: IDENTIFIER     
Token: ++                   Type: POSTFIX_OP     
Token: )                    Type: RPAREN         
Token: {                    Type: LBRACE         
Token: for                  Type: KEYWORD        
Token: (                    Type: LPAREN         
Token: int                  Type: KEYWORD        
Token: j                    Type: IDENTIFIER     
Token: =                    Type: ASSIGN         
Token: 0                    Type: INTEGER_CONSTANT
Token: ;                    Type: SEMICOLON      
Token: j                    Type: IDENTIFIER     
Token: <                    Type: RELATIONAL_OP  
Token: 3                    Type: INTEGER_CONSTANT
Token: ;                    Type: SEMICOLON      
Token: j                    Type: IDENTIFIER     
Token: ++                   Type: POSTFIX_OP     
Token: )                    Type: RPAREN         
Token: {                    Type: LBRACE         
Token: printf               Type: IDENTIFIER     
Token: (                    Type: LPAREN         
Token: "%d "                Type: STRING_LITERAL 
Token: ,                    Type: COMMA          
Token: a                    Type: IDENTIFIER     
Token: [                    Type: LBRACKET       
Token: i                    Type: IDENTIFIER     
Token: ]                    Type: RBRACKET       
Token: [                    Type: LBRACKET       
Token: j                    Type: IDENTIFIER     
Token: ]                    Type: RBRACKET       
Token: *                    Type: ARITHMETIC_OP  
Token: scalar               Type: IDENTIFIER     
Token: )                    Type: RPAREN         
Token: ;                    Type: SEMICOLON      
Token: }                    Type: RBRACE         
Token: printf               Type: IDENTIFIER     
Token: (                    Type: LPAREN         
Token: "\n"                 Type: STRING_LITERAL 
Token: )                    Type: RPAREN         
Token: ;                    Type: SEMICOLON      
Token: }                    Type: RBRACE         
Token: printf               Type: IDENTIFIER     
Token: (                    Type: LPAREN         
Token: "\n=== Test 10: Pattern Generation ===\n" Type: STRING_LITERAL 
Token: )                    Type: RPAREN         
Token: ;                    Type: SEMICOLON      
Token: int                  Type: KEYWORD        
Token: pattern              Type: IDENTIFIER     
Token: [                    Type: LBRACKET       
Token: 4                    Type: INTEGER_CONSTANT
Token: ]                    Type: RBRACKET       
Token: [                    Type: LBRACKET       
Token: 4                    Type: INTEGER_CONSTANT
Token: ]                    Type: RBRACKET       
Token: ;                    Type: SEMICOLON      
Token: for                  Type: KEYWORD        
Token: (                    Type: LPAREN         
Token: int                  Type: KEYWORD        
Token: i                    Type: IDENTIFIER     
Token: =                    Type: ASSIGN         
Token: 0                    Type: INTEGER_CONSTANT
Token: ;                    Type: SEMICOLON      
Token: i                    Type: IDENTIFIER     
Token: <                    Type: RELATIONAL_OP  
Token: 4                    Type: INTEGER_CONSTANT
Token: ;                    Type: SEMICOLON      
Token: i                    Type: IDENTIFIER     
Token: ++                   Type: POSTFIX_OP     
Token: )                    Type: RPAREN         
Token: {                    Type: LBRACE         
Token: for                  Type: KEYWORD        
Token: (                    Type: LPAREN         
Token: int                  Type: KEYWORD        
Token: j                    Type: IDENTIFIER     
Token: =                    Type: ASSIGN         
Token: 0                    Type: INTEGER_CONSTANT
Token: ;                    Type: SEMICOLON      
Token: j                    Type: IDENTIFIER     
Token: <                    Type: RELATIONAL_OP  
Token: 4                    Type: INTEGER_CONSTANT
Token: ;                    Type: SEMICOLON      
Token: j                    Type: IDENTIFIER     
Token: ++                   Type: POSTFIX_OP     
Token: )                    Type: RPAREN         
Token: {                    Type: LBRACE         
Token: pattern              Type: IDENTIFIER     
Token: [                    Type: LBRACKET       
Token: i                    Type: IDENTIFIER     
Token: ]                    Type: RBRACKET       
Token: [                    Type: LBRACKET       
Token: j                    Type: IDENTIFIER     
Token: ]                    Type: RBRACKET       
Token: =                    Type: ASSIGN         
Token: i                    Type: IDENTIFIER     
Token: +                    Type: ARITHMETIC_OP  
Token: j                    Type: IDENTIFIER     
Token: ;                    Type: SEMICOLON      
Token: }                    Type: RBRACE         
Token: }                    Type: RBRACE         
Token: printf               Type: IDENTIFIER     
Token: (                    Type: LPAREN         
Token: "Pattern (i+j):\n"   Type: STRING_LITERAL 
Token: )                    Type: RPAREN         
Token: ;                    Type: SEMICOLON      
Token: for                  Type: KEYWORD        
Token: (                    Type: LPAREN         
Token: int                  Type: KEYWORD        
Token: i                    Type: IDENTIFIER     
Token: =                    Type: ASSIGN         
Token: 0                    Type: INTEGER_CONSTANT
Token: ;                    Type: SEMICOLON      
Token: i                    Type: IDENTIFIER     
Token: <                    Type: RELATIONAL_OP  
Token: 4                    Type: INTEGER_CONSTANT
Token: ;                    Type: SEMICOLON      
Token: i                    Type: IDENTIFIER     
Token: ++                   Type: POSTFIX_OP     
Token: )                    Type: RPAREN         
Token: {                    Type: LBRACE         
Token: for                  Type: KEYWORD        
Token: (                    Type: LPAREN         
Token: int                  Type: KEYWORD        
Token: j                    Type: IDENTIFIER     
Token: =                    Type: ASSIGN         
Token: 0                    Type: INTEGER_CONSTANT
Token: ;                    Type: SEMICOLON      
Token: j                    Type: IDENTIFIER     
Token: <                    Type: RELATIONAL_OP  
Token: 4                    Type: INTEGER_CONSTANT
Token: ;                    Type: SEMICOLON      
Token: j                    Type: IDENTIFIER     
Token: ++                   Type: POSTFIX_OP     
Token: )                    Type: RPAREN         
Token: {                    Type: LBRACE         
Token: printf               Type: IDENTIFIER     
Token: (                    Type: LPAREN         
Token: "%d "                Type: STRING_LITERAL 
Token: ,                    Type: COMMA          
Token: pattern              Type: IDENTIFIER     
Token: [                    Type: LBRACKET       
Token: i                    Type: IDENTIFIER     
Token: ]                    Type: RBRACKET       
Token: [                    Type: LBRACKET       
Token: j                    Type: IDENTIFIER     
Token: ]                    Type: RBRACKET       
Token: )                    Type: RPAREN         
Token: ;                    Type: SEMICOLON      
Token: }                    Type: RBRACE         
Token: printf               Type: IDENTIFIER     
Token: (                    Type: LPAREN         
Token: "\n"                 Type: STRING_LITERAL 
Token: )                    Type: RPAREN         
Token: ;                    Type: SEMICOLON      
Token: }                    Type: RBRACE         
Token: printf               Type: IDENTIFIER     
Token: (                    Type: LPAREN         
Token: "\n=== Test 14: Counter Pattern ===\n" Type: STRING_LITERAL 
Token: )                    Type: RPAREN         
Token: ;                    Type: SEMICOLON      
Token: int                  Type: KEYWORD        
Token: counter              Type: IDENTIFIER     
Token: [                    Type: LBRACKET       
Token: 3                    Type: INTEGER_CONSTANT
Token: ]                    Type: RBRACKET       
Token: [                    Type: LBRACKET       
Token: 3                    Type: INTEGER_CONSTANT
Token: ]                    Type: RBRACKET       
Token: ;                    Type: SEMICOLON      
Token: int                  Type: KEYWORD        
Token: count                Type: IDENTIFIER     
Token: =                    Type: ASSIGN         
Token: 1                    Type: INTEGER_CONSTANT
Token: ;                    Type: SEMICOLON      
Token: for                  Type: KEYWORD        
Token: (                    Type: LPAREN         
Token: int                  Type: KEYWORD        
Token: i                    Type: IDENTIFIER     
Token: =                    Type: ASSIGN         
Token: 0                    Type: INTEGER_CONSTANT
Token: ;                    Type: SEMICOLON      
Token: i                    Type: IDENTIFIER     
Token: <                    Type: RELATIONAL_OP  
Token: 3                    Type: INTEGER_CONSTANT
Token: ;                    Type: SEMICOLON      
Token: i                    Type: IDENTIFIER     
Token: ++                   Type: POSTFIX_OP     
Token: )                    Type: RPAREN         
Token: {                    Type: LBRACE         
Token: for                  Type: KEYWORD        
Token: (                    Type: LPAREN         
Token: int                  Type: KEYWORD        
Token: j                    Type: IDENTIFIER     
Token: =                    Type: ASSIGN         
Token: 0                    Type: INTEGER_CONSTANT
Token: ;                    Type: SEMICOLON      
Token: j                    Type: IDENTIFIER     
Token: <                    Type: RELATIONAL_OP  
Token: 3                    Type: INTEGER_CONSTANT
Token: ;                    Type: SEMICOLON      
Token: j                    Type: IDENTIFIER     
Token: ++                   Type: POSTFIX_OP     
Token: )                    Type: RPAREN         
Token: {                    Type: LBRACE         
Token: counter              Type: IDENTIFIER     
Token: [                    Type: LBRACKET       
Token: i                    Type: IDENTIFIER     
Token: ]                    Type: RBRACKET       
Token: [                    Type: LBRACKET       
Token: j                    Type: IDENTIFIER     
Token: ]                    Type: RBRACKET       
Token: =                    Type: ASSIGN         
Token: count                Type: IDENTIFIER     
Token: ;                    Type: SEMICOLON      
Token: count                Type: IDENTIFIER     
Token: =                    Type: ASSIGN         
Token: count                Type: IDENTIFIER     
Token: +                    Type: ARITHMETIC_OP  
Token: 1                    Type: INTEGER_CONSTANT
Token: ;                    Type: SEMICOLON      
Token: }                    Type: RBRACE         
Token: }                    Type: RBRACE         
Token: printf               Type: IDENTIFIER     
Token: (                    Type: LPAREN         
Token: "Counter matrix:\n"  Type: STRING_LITERAL 
Token: )                    Type: RPAREN         
Token: ;                    Type: SEMICOLON      
Token: for                  Type: KEYWORD        
Token: (                    Type: LPAREN         
Token: int                  Type: KEYWORD        
Token: i                    Type: IDENTIFIER     
Token: =                    Type: ASSIGN         
Token: 0                    Type: INTEGER_CONSTANT
Token: ;                    Type: SEMICOLON      
Token: i                    Type: IDENTIFIER     
Token: <                    Type: RELATIONAL_OP  
Token: 3                    Type: INTEGER_CONSTANT
Token: ;                    Type: SEMICOLON      
Token: i                    Type: IDENTIFIER     
Token: ++                   Type: POSTFIX_OP     
Token: )                    Type: RPAREN         
Token: {                    Type: LBRACE         
Token: for                  Type: KEYWORD        
Token: (                    Type: LPAREN         
Token: int                  Type: KEYWORD        
Token: j                    Type: IDENTIFIER     
Token: =                    Type: ASSIGN         
Token: 0                    Type: INTEGER_CONSTANT
Token: ;                    Type: SEMICOLON      
Token: j                    Type: IDENTIFIER     
Token: <                    Type: RELATIONAL_OP  
Token: 3                    Type: INTEGER_CONSTANT
Token: ;                    Type: SEMICOLON      
Token: j                    Type: IDENTIFIER     
Token: ++                   Type: POSTFIX_OP     
Token: )                    Type: RPAREN         
Token: {                    Type: LBRACE         
Token: printf               Type: IDENTIFIER     
Token: (                    Type: LPAREN         
Token: "%d "                Type: STRING_LITERAL 
Token: ,                    Type: COMMA          
Token: counter              Type: IDENTIFIER     
Token: [                    Type: LBRACKET       
Token: i                    Type: IDENTIFIER     
Token: ]                    Type: RBRACKET       
Token: [                    Type: LBRACKET       
Token: j                    Type: IDENTIFIER     
Token: ]                    Type: RBRACKET       
Token: )                    Type: RPAREN         
Token: ;                    Type: SEMICOLON      
Token: }                    Type: RBRACE         
Token: printf               Type: IDENTIFIER     
Token: (                    Type: LPAREN         
Token: "\n"                 Type: STRING_LITERAL 
Token: )                    Type: RPAREN         
Token: ;                    Type: SEMICOLON      
Token: }                    Type: RBRACE         
Token: printf               Type: IDENTIFIER     
Token: (                    Type: LPAREN         
Token: "\n=== Test 15: Boundary Elements ===\n" Type: STRING_LITERAL 
Token: )                    Type: RPAREN         
Token: ;                    Type: SEMICOLON      
Token: printf               Type: IDENTIFIER     
Token: (                    Type: LPAREN         
Token: "Top row: "          Type: STRING_LITERAL 
Token: )                    Type: RPAREN         
Token: ;                    Type: SEMICOLON      
Token: for                  Type: KEYWORD        
Token: (                    Type: LPAREN         
Token: int                  Type: KEYWORD        
Token: j                    Type: IDENTIFIER     
Token: =                    Type: ASSIGN         
Token: 0                    Type: INTEGER_CONSTANT
Token: ;                    Type: SEMICOLON      
Token: j                    Type: IDENTIFIER     
Token: <                    Type: RELATIONAL_OP  
Token: 3                    Type: INTEGER_CONSTANT
Token: ;                    Type: SEMICOLON      
Token: j                    Type: IDENTIFIER     
Token: ++                   Type: POSTFIX_OP     
Token: )                    Type: RPAREN         
Token: {                    Type: LBRACE         
Token: printf               Type: IDENTIFIER     
Token: (                    Type: LPAREN         
Token: "%d "                Type: STRING_LITERAL 
Token: ,                    Type: COMMA          
Token: a                    Type: IDENTIFIER     
Token: [                    Type: LBRACKET       
Token: 0                    Type: INTEGER_CONSTANT
Token: ]                    Type: RBRACKET       
Token: [                    Type: LBRACKET       
Token: j                    Type: IDENTIFIER     
Token: ]                    Type: RBRACKET       
Token: )                    Type: RPAREN         
Token: ;                    Type: SEMICOLON      
Token: }                    Type: RBRACE         
Token: printf               Type: IDENTIFIER     
Token: (                    Type: LPAREN         
Token: "\n"                 Type: STRING_LITERAL 
Token: )                    Type: RPAREN         
Token: ;                    Type: SEMICOLON      
Token: printf               Type: IDENTIFIER     
Token: (                    Type: LPAREN         
Token: "Bottom row: "       Type: STRING_LITERAL 
Token: )                    Type: RPAREN         
Token: ;                    Type: SEMICOLON      
Token: for                  Type: KEYWORD        
Token: (                    Type: LPAREN         
Token: int                  Type: KEYWORD        
Token: j                    Type: IDENTIFIER     
Token: =                    Type: ASSIGN         
Token: 0                    Type: INTEGER_CONSTANT
Token: ;                    Type: SEMICOLON      
Token: j                    Type: IDENTIFIER     
Token: <                    Type: RELATIONAL_OP  
Token: 3                    Type: INTEGER_CONSTANT
Token: ;                    Type: SEMICOLON      
Token: j                    Type: IDENTIFIER     
Token: ++                   Type: POSTFIX_OP     
Token: )                    Type: RPAREN         
Token: {                    Type: LBRACE         
Token: printf               Type: IDENTIFIER     
Token: (                    Type: LPAREN         
Token: "%d "                Type: STRING_LITERAL 
Token: ,                    Type: COMMA          
Token: a                    Type: IDENTIFIER     
Token: [                    Type: LBRACKET       
Token: 2                    Type: INTEGER_CONSTANT
Token: ]                    Type: RBRACKET       
Token: [                    Type: LBRACKET       
Token: j                    Type: IDENTIFIER     
Token: ]                    Type: RBRACKET       
Token: )                    Type: RPAREN         
Token: ;                    Type: SEMICOLON      
Token: }                    Type: RBRACE         
Token: printf               Type: IDENTIFIER     
Token: (                    Type: LPAREN         
Token: "\n"                 Type: STRING_LITERAL 
Token: )                    Type: RPAREN         
Token: ;                    Type: SEMICOLON      
Token: printf               Type: IDENTIFIER     
Token: (                    Type: LPAREN         
Token: "Left column: "      Type: STRING_LITERAL 
Token: )                    Type: RPAREN         
Token: ;                    Type: SEMICOLON      
Token: for                  Type: KEYWORD        
Token: (                    Type: LPAREN         
Token: int                  Type: KEYWORD        
Token: i                    Type: IDENTIFIER     
Token: =                    Type: ASSIGN         
Token: 0                    Type: INTEGER_CONSTANT
Token: ;                    Type: SEMICOLON      
Token: i                    Type: IDENTIFIER     
Token: <                    Type: RELATIONAL_OP  
Token: 3                    Type: INTEGER_CONSTANT
Token: ;                    Type: SEMICOLON      
Token: i                    Type: IDENTIFIER     
Token: ++                   Type: POSTFIX_OP     
Token: )                    Type: RPAREN         
Token: {                    Type: LBRACE         
Token: printf               Type: IDENTIFIER     
Token: (                    Type: LPAREN         
Token: "%d "                Type: STRING_LITERAL 
Token: ,                    Type: COMMA          
Token: a                    Type: IDENTIFIER     
Token: [                    Type: LBRACKET       
Token: i                    Type: IDENTIFIER     
Token: ]                    Type: RBRACKET       
Token: [                    Type: LBRACKET       
Token: 0                    Type: INTEGER_CONSTANT
Token: ]                    Type: RBRACKET       
Token: )                    Type: RPAREN         
Token: ;                    Type: SEMICOLON      
Token: }                    Type: RBRACE         
Token: printf               Type: IDENTIFIER     
Token: (                    Type: LPAREN         
Token: "\n"                 Type: STRING_LITERAL 
Token: )                    Type: RPAREN         
Token: ;                    Type: SEMICOLON      
Token: printf               Type: IDENTIFIER     
Token: (                    Type: LPAREN         
Token: "Right column: "     Type: STRING_LITERAL 
Token: )                    Type: RPAREN         
Token: ;                    Type: SEMICOLON      
Token: for                  Type: KEYWORD        
Token: (                    Type: LPAREN         
Token: int                  Type: KEYWORD        
Token: i                    Type: IDENTIFIER     
Token: =                    Type: ASSIGN         
Token: 0                    Type: INTEGER_CONSTANT
Token: ;                    Type: SEMICOLON      
Token: i                    Type: IDENTIFIER     
Token: <                    Type: RELATIONAL_OP  
Token: 3                    Type: INTEGER_CONSTANT
Token: ;                    Type: SEMICOLON      
Token: i                    Type: IDENTIFIER     
Token: ++                   Type: POSTFIX_OP     
Token: )                    Type: RPAREN         
Token: {                    Type: LBRACE         
Token: printf               Type: IDENTIFIER     
Token: (                    Type: LPAREN         
Token: "%d "                Type: STRING_LITERAL 
Token: ,                    Type: COMMA          
Token: a                    Type: IDENTIFIER     
Token: [                    Type: LBRACKET       
Token: i                    Type: IDENTIFIER     
Token: ]                    Type: RBRACKET       
Token: [                    Type: LBRACKET       
Token: 2                    Type: INTEGER_CONSTANT
Token: ]                    Type: RBRACKET       
Token: )                    Type: RPAREN         
Token: ;                    Type: SEMICOLON      
Token: }                    Type: RBRACE         
Token: printf               Type: IDENTIFIER     
Token: (                    Type: LPAREN         
Token: "\n"                 Type: STRING_LITERAL 
Token: )                    Type: RPAREN         
Token: ;                    Type: SEMICOLON      
Token: printf               Type: IDENTIFIER     
Token: (                    Type: LPAREN         
Token: "\n=== All 10 Tests Completed Successfully! ===\n" Type: STRING_LITERAL 
Token: )                    Type: RPAREN         
Token: ;                    Type: SEMICOLON      
Token: return               Type: KEYWORD        
Token: 0                    Type: INTEGER_CONSTANT
Token: ;                    Type: SEMICOLON      
Token: }                    Type: RBRACE         

=== PARSING SUCCESSFUL ===

=== SEMANTIC ANALYSIS ===
=== SEMANTIC ANALYSIS STARTED ===
=== SEMANTIC ANALYSIS COMPLETED ===
Found 0 semantic error(s)
Found 0 warning(s)

=== SYMBOL TABLE (ACTIVE SCOPES) ===
Scope 0:
  function 'main' : int (scope: 0, line: 165) [has_return]
 (scope: 0, line: 165) [has_return]
  constant 'NULL' : void* (scope: 0, line: 0)
 (scope: 0, line: 0)

 Semantic analysis passed with no errors.

=== CODE GENERATION ===

=== THREE ADDRESS CODE ===
main:
    param "=== Test 1: Basic 2D Array Access ===\n"
    t0 = call printf, 1
    t1 = &matrix
    *t1 = 1
    t2 = t1 + 4
    *t2 = 2
    t3 = t1 + 8
    *t3 = 3
    t4 = t1 + 12
    *t4 = 4
    param "matrix[0][0] = %d\n"
    t5 = 0 * 2
    t6 = t5 + 0
    t7 = t6 * 4
    t8 = &matrix
    t9 = t8 + t7
    t10 = *t9
    param t10
    t11 = call printf, 2
    param "matrix[0][1] = %d\n"
    t12 = 0 * 2
    t13 = t12 + 1
    t14 = t13 * 4
    t15 = &matrix
    t16 = t15 + t14
    t17 = *t16
    param t17
    t18 = call printf, 2
    param "matrix[1][0] = %d\n"
    t19 = 1 * 2
    t20 = t19 + 0
    t21 = t20 * 4
    t22 = &matrix
    t23 = t22 + t21
    t24 = *t23
    param t24
    t25 = call printf, 2
    param "matrix[1][1] = %d\n"
    t26 = 1 * 2
    t27 = t26 + 1
    t28 = t27 * 4
    t29 = &matrix
    t30 = t29 + t28
    t31 = *t30
    param t31
    t32 = call printf, 2
    param "\n=== Test 2: 3x3 Matrix Operations ===\n"
    t33 = call printf, 1
    t34 = &a
    *t34 = 1
    t35 = t34 + 4
    *t35 = 2
    t36 = t34 + 8
    *t36 = 3
    t37 = t34 + 12
    *t37 = 4
    t38 = t34 + 16
    *t38 = 5
    t39 = t34 + 20
    *t39 = 6
    t40 = t34 + 24
    *t40 = 7
    t41 = t34 + 28
    *t41 = 8
    t42 = t34 + 32
    *t42 = 9
    param "Original Matrix:\n"
    t43 = call printf, 1
    i = 0
L0:
    t44 = i < 3
    ifFalse t44 goto L1
    j = 0
L3:
    t45 = j < 3
    ifFalse t45 goto L4
    param "%d "
    t46 = i * 3
    t47 = t46 + j
    t48 = t47 * 4
    t49 = &a
    t50 = t49 + t48
    t51 = *t50
    param t51
    t52 = call printf, 2
L5:
    t53 = j
    j = j + 1
    goto L3
L4:
    param "\n"
    t54 = call printf, 1
L2:
    t55 = i
    i = i + 1
    goto L0
L1:
    param "\n=== Test 3: Matrix Transpose ===\n"
    t56 = call printf, 1
    i = 0
L6:
    t57 = i < 3
    ifFalse t57 goto L7
    j = 0
L9:
    t58 = j < 3
    ifFalse t58 goto L10
    t59 = i * 3
    t60 = t59 + j
    t61 = t60 * 4
    t62 = &a
    t63 = t62 + t61
    t64 = *t63
    t65 = j * 3
    t66 = t65 + i
    t67 = t66 * 4
    t68 = &b
    t69 = t68 + t67
    *t69 = t64
L11:
    t70 = j
    j = j + 1
    goto L9
L10:
L8:
    t71 = i
    i = i + 1
    goto L6
L7:
    param "Transposed Matrix:\n"
    t72 = call printf, 1
    i = 0
L12:
    t73 = i < 3
    ifFalse t73 goto L13
    j = 0
L15:
    t74 = j < 3
    ifFalse t74 goto L16
    param "%d "
    t75 = i * 3
    t76 = t75 + j
    t77 = t76 * 4
    t78 = &b
    t79 = t78 + t77
    t80 = *t79
    param t80
    t81 = call printf, 2
L17:
    t82 = j
    j = j + 1
    goto L15
L16:
    param "\n"
    t83 = call printf, 1
L14:
    t84 = i
    i = i + 1
    goto L12
L13:
    param "\n=== Test 4: Sum of All Elements ===\n"
    t85 = call printf, 1
    sum = 0
    i = 0
L18:
    t86 = i < 3
    ifFalse t86 goto L19
    j = 0
L21:
    t87 = j < 3
    ifFalse t87 goto L22
    t88 = i * 3
    t89 = t88 + j
    t90 = t89 * 4
    t91 = &a
    t92 = t91 + t90
    t93 = *t92
    t94 = sum + t93
    sum = t94
L23:
    t95 = j
    j = j + 1
    goto L21
L22:
L20:
    t96 = i
    i = i + 1
    goto L18
L19:
    param "Total sum: %d\n"
    param sum
    t97 = call printf, 2
    param "\n=== Test 5: Row Sums ===\n"
    t98 = call printf, 1
    i = 0
L24:
    t99 = i < 3
    ifFalse t99 goto L25
    row_sum = 0
    j = 0
L27:
    t100 = j < 3
    ifFalse t100 goto L28
    t101 = i * 3
    t102 = t101 + j
    t103 = t102 * 4
    t104 = &a
    t105 = t104 + t103
    t106 = *t105
    t107 = row_sum + t106
    row_sum = t107
L29:
    t108 = j
    j = j + 1
    goto L27
L28:
    param "Row %d sum: %d\n"
    param i
    param row_sum
    t109 = call printf, 3
L26:
    t110 = i
    i = i + 1
    goto L24
L25:
    param "\n=== Test 6: Column Sums ===\n"
    t111 = call printf, 1
    j = 0
L30:
    t112 = j < 3
    ifFalse t112 goto L31
    col_sum = 0
    i = 0
L33:
    t113 = i < 3
    ifFalse t113 goto L34
    t114 = i * 3
    t115 = t114 + j
    t116 = t115 * 4
    t117 = &a
    t118 = t117 + t116
    t119 = *t118
    t120 = col_sum + t119
    col_sum = t120
L35:
    t121 = i
    i = i + 1
    goto L33
L34:
    param "Column %d sum: %d\n"
    param j
    param col_sum
    t122 = call printf, 3
L32:
    t123 = j
    j = j + 1
    goto L30
L31:
    param "\n=== Test 7: Diagonal Elements ===\n"
    t124 = call printf, 1
    param "Main diagonal: "
    t125 = call printf, 1
    i = 0
L36:
    t126 = i < 3
    ifFalse t126 goto L37
    param "%d "
    t127 = i * 3
    t128 = t127 + i
    t129 = t128 * 4
    t130 = &a
    t131 = t130 + t129
    t132 = *t131
    param t132
    t133 = call printf, 2
L38:
    t134 = i
    i = i + 1
    goto L36
L37:
    param "\n"
    t135 = call printf, 1
    param "Anti-diagonal: "
    t136 = call printf, 1
    i = 0
L39:
    t137 = i < 3
    ifFalse t137 goto L40
    param "%d "
    t138 = 2 - i
    t139 = i * 3
    t140 = t139 + t138
    t141 = t140 * 4
    t142 = &a
    t143 = t142 + t141
    t144 = *t143
    param t144
    t145 = call printf, 2
L41:
    t146 = i
    i = i + 1
    goto L39
L40:
    param "\n"
    t147 = call printf, 1
    param "\n=== Test 8: Array Copy ===\n"
    t148 = call printf, 1
    i = 0
L42:
    t149 = i < 3
    ifFalse t149 goto L43
    j = 0
L45:
    t150 = j < 3
    ifFalse t150 goto L46
    t151 = i * 3
    t152 = t151 + j
    t153 = t152 * 4
    t154 = &a
    t155 = t154 + t153
    t156 = *t155
    t157 = i * 3
    t158 = t157 + j
    t159 = t158 * 4
    t160 = &c
    t161 = t160 + t159
    *t161 = t156
L47:
    t162 = j
    j = j + 1
    goto L45
L46:
L44:
    t163 = i
    i = i + 1
    goto L42
L43:
    param "Copied array:\n"
    t164 = call printf, 1
    i = 0
L48:
    t165 = i < 3
    ifFalse t165 goto L49
    j = 0
L51:
    t166 = j < 3
    ifFalse t166 goto L52
    param "%d "
    t167 = i * 3
    t168 = t167 + j
    t169 = t168 * 4
    t170 = &c
    t171 = t170 + t169
    t172 = *t171
    param t172
    t173 = call printf, 2
L53:
    t174 = j
    j = j + 1
    goto L51
L52:
    param "\n"
    t175 = call printf, 1
L50:
    t176 = i
    i = i + 1
    goto L48
L49:
    param "\n=== Test 11: Scalar Multiplication ===\n"
    t177 = call printf, 1
    scalar = 2
    param "Multiply by %d:\n"
    param scalar
    t178 = call printf, 2
    i = 0
L54:
    t179 = i < 3
    ifFalse t179 goto L55
    j = 0
L57:
    t180 = j < 3
    ifFalse t180 goto L58
    param "%d "
    t181 = i * 3
    t182 = t181 + j
    t183 = t182 * 4
    t184 = &a
    t185 = t184 + t183
    t186 = *t185
    t187 = t186 * scalar
    param t187
    t188 = call printf, 2
L59:
    t189 = j
    j = j + 1
    goto L57
L58:
    param "\n"
    t190 = call printf, 1
L56:
    t191 = i
    i = i + 1
    goto L54
L55:
    param "\n=== Test 10: Pattern Generation ===\n"
    t192 = call printf, 1
    i = 0
L60:
    t193 = i < 4
    ifFalse t193 goto L61
    j = 0
L63:
    t194 = j < 4
    ifFalse t194 goto L64
    t195 = i + j
    t196 = i * 4
    t197 = t196 + j
    t198 = t197 * 4
    t199 = &pattern
    t200 = t199 + t198
    *t200 = t195
L65:
    t201 = j
    j = j + 1
    goto L63
L64:
L62:
    t202 = i
    i = i + 1
    goto L60
L61:
    param "Pattern (i+j):\n"
    t203 = call printf, 1
    i = 0
L66:
    t204 = i < 4
    ifFalse t204 goto L67
    j = 0
L69:
    t205 = j < 4
    ifFalse t205 goto L70
    param "%d "
    t206 = i * 4
    t207 = t206 + j
    t208 = t207 * 4
    t209 = &pattern
    t210 = t209 + t208
    t211 = *t210
    param t211
    t212 = call printf, 2
L71:
    t213 = j
    j = j + 1
    goto L69
L70:
    param "\n"
    t214 = call printf, 1
L68:
    t215 = i
    i = i + 1
    goto L66
L67:
    param "\n=== Test 14: Counter Pattern ===\n"
    t216 = call printf, 1
    count = 1
    i = 0
L72:
    t217 = i < 3
    ifFalse t217 goto L73
    j = 0
L75:
    t218 = j < 3
    ifFalse t218 goto L76
    t219 = i * 3
    t220 = t219 + j
    t221 = t220 * 4
    t222 = &counter
    t223 = t222 + t221
    *t223 = count
    t224 = count + 1
    count = t224
L77:
    t225 = j
    j = j + 1
    goto L75
L76:
L74:
    t226 = i
    i = i + 1
    goto L72
L73:
    param "Counter matrix:\n"
    t227 = call printf, 1
    i = 0
L78:
    t228 = i < 3
    ifFalse t228 goto L79
    j = 0
L81:
    t229 = j < 3
    ifFalse t229 goto L82
    param "%d "
    t230 = i * 3
    t231 = t230 + j
    t232 = t231 * 4
    t233 = &counter
    t234 = t233 + t232
    t235 = *t234
    param t235
    t236 = call printf, 2
L83:
    t237 = j
    j = j + 1
    goto L81
L82:
    param "\n"
    t238 = call printf, 1
L80:
    t239 = i
    i = i + 1
    goto L78
L79:
    param "\n=== Test 15: Boundary Elements ===\n"
    t240 = call printf, 1
    param "Top row: "
    t241 = call printf, 1
    j = 0
L84:
    t242 = j < 3
    ifFalse t242 goto L85
    param "%d "
    t243 = 0 * 3
    t244 = t243 + j
    t245 = t244 * 4
    t246 = &a
    t247 = t246 + t245
    t248 = *t247
    param t248
    t249 = call printf, 2
L86:
    t250 = j
    j = j + 1
    goto L84
L85:
    param "\n"
    t251 = call printf, 1
    param "Bottom row: "
    t252 = call printf, 1
    j = 0
L87:
    t253 = j < 3
    ifFalse t253 goto L88
    param "%d "
    t254 = 2 * 3
    t255 = t254 + j
    t256 = t255 * 4
    t257 = &a
    t258 = t257 + t256
    t259 = *t258
    param t259
    t260 = call printf, 2
L89:
    t261 = j
    j = j + 1
    goto L87
L88:
    param "\n"
    t262 = call printf, 1
    param "Left column: "
    t263 = call printf, 1
    i = 0
L90:
    t264 = i < 3
    ifFalse t264 goto L91
    param "%d "
    t265 = i * 3
    t266 = t265 + 0
    t267 = t266 * 4
    t268 = &a
    t269 = t268 + t267
    t270 = *t269
    param t270
    t271 = call printf, 2
L92:
    t272 = i
    i = i + 1
    goto L90
L91:
    param "\n"
    t273 = call printf, 1
    param "Right column: "
    t274 = call printf, 1
    i = 0
L93:
    t275 = i < 3
    ifFalse t275 goto L94
    param "%d "
    t276 = i * 3
    t277 = t276 + 2
    t278 = t277 * 4
    t279 = &a
    t280 = t279 + t278
    t281 = *t280
    param t281
    t282 = call printf, 2
L95:
    t283 = i
    i = i + 1
    goto L93
L94:
    param "\n"
    t284 = call printf, 1
    param "\n=== All 10 Tests Completed Successfully! ===\n"
    t285 = call printf, 1
    return 0

Total instructions: 616

=== ABSTRACT SYNTAX TREE ===
TranslationUnit :  (line 1)
  Preprocessor : #include <stdio.h> (line 1)
  FunctionDefinition :  (line 165)
    DeclarationSpecifiers :  (line 3)
      TypeSpecifier : int (line 3)
    FunctionDeclarator :  (line 3)
      DirectDeclarator : main (line 3)
    CompoundStatement :  (line 165)
      BlockItemList :  (line 4)
        BlockItem :  (line 4)
          ExpressionStatement :  (line 4)
            FunctionCall :  (line 4)
              Identifier : printf (line 4)
              ArgumentList :  (line 4)
                StringLiteral : "=== Test 1: Basic 2D Array Access ===\n" (line 4)
        BlockItem :  (line 5)
          Declaration :  (line 5)
            DeclarationSpecifiers :  (line 5)
              TypeSpecifier : int (line 5)
            InitDeclaratorList :  (line 5)
              InitDeclarator :  (line 5)
                ArrayDeclarator :  (line 5)
                  ArrayDeclarator :  (line 5)
                    DirectDeclarator : matrix (line 5)
                    Constant : 2 (line 5)
                  Constant : 2 (line 5)
                InitializerList :  (line 5)
                  InitializerList :  (line 5)
                    InitializerList :  (line 5)
                      InitializerList :  (line 5)
                        Initializer :  (line 5)
                          Constant : 1 (line 5)
                        Initializer :  (line 5)
                          Constant : 2 (line 5)
                    InitializerList :  (line 5)
                      InitializerList :  (line 5)
                        Initializer :  (line 5)
                          Constant : 3 (line 5)
                        Initializer :  (line 5)
                          Constant : 4 (line 5)
        BlockItem :  (line 6)
          ExpressionStatement :  (line 6)
            FunctionCall :  (line 6)
              Identifier : printf (line 6)
              ArgumentList :  (line 6)
                StringLiteral : "matrix[0][0] = %d\n" (line 6)
                ArraySubscript :  (line 6)
                  ArraySubscript :  (line 6)
                    Identifier : matrix (line 6)
                    Constant : 0 (line 6)
                  Constant : 0 (line 6)
        BlockItem :  (line 7)
          ExpressionStatement :  (line 7)
            FunctionCall :  (line 7)
              Identifier : printf (line 7)
              ArgumentList :  (line 7)
                StringLiteral : "matrix[0][1] = %d\n" (line 7)
                ArraySubscript :  (line 7)
                  ArraySubscript :  (line 7)
                    Identifier : matrix (line 7)
                    Constant : 0 (line 7)
                  Constant : 1 (line 7)
        BlockItem :  (line 8)
          ExpressionStatement :  (line 8)
            FunctionCall :  (line 8)
              Identifier : printf (line 8)
              ArgumentList :  (line 8)
                StringLiteral : "matrix[1][0] = %d\n" (line 8)
                ArraySubscript :  (line 8)
                  ArraySubscript :  (line 8)
                    Identifier : matrix (line 8)
                    Constant : 1 (line 8)
                  Constant : 0 (line 8)
        BlockItem :  (line 9)
          ExpressionStatement :  (line 9)
            FunctionCall :  (line 9)
              Identifier : printf (line 9)
              ArgumentList :  (line 9)
                StringLiteral : "matrix[1][1] = %d\n" (line 9)
                ArraySubscript :  (line 9)
                  ArraySubscript :  (line 9)
                    Identifier : matrix (line 9)
                    Constant : 1 (line 9)
                  Constant : 1 (line 9)
        BlockItem :  (line 11)
          ExpressionStatement :  (line 11)
            FunctionCall :  (line 11)
              Identifier : printf (line 11)
              ArgumentList :  (line 11)
                StringLiteral : "\n=== Test 2: 3x3 Matrix Operations ===\n" (line 11)
        BlockItem :  (line 12)
          Declaration :  (line 12)
            DeclarationSpecifiers :  (line 12)
              TypeSpecifier : int (line 12)
            InitDeclaratorList :  (line 12)
              InitDeclarator :  (line 12)
                ArrayDeclarator :  (line 12)
                  ArrayDeclarator :  (line 12)
                    DirectDeclarator : a (line 12)
                    Constant : 3 (line 12)
                  Constant : 3 (line 12)
                InitializerList :  (line 12)
                  InitializerList :  (line 12)
                    InitializerList :  (line 12)
                      InitializerList :  (line 12)
                        Initializer :  (line 12)
                          Constant : 1 (line 12)
                        Initializer :  (line 12)
                          Constant : 2 (line 12)
                        Initializer :  (line 12)
                          Constant : 3 (line 12)
                    InitializerList :  (line 12)
                      InitializerList :  (line 12)
                        Initializer :  (line 12)
                          Constant : 4 (line 12)
                        Initializer :  (line 12)
                          Constant : 5 (line 12)
                        Initializer :  (line 12)
                          Constant : 6 (line 12)
                    InitializerList :  (line 12)
                      InitializerList :  (line 12)
                        Initializer :  (line 12)
                          Constant : 7 (line 12)
                        Initializer :  (line 12)
                          Constant : 8 (line 12)
                        Initializer :  (line 12)
                          Constant : 9 (line 12)
        BlockItem :  (line 14)
          ExpressionStatement :  (line 14)
            FunctionCall :  (line 14)
              Identifier : printf (line 14)
              ArgumentList :  (line 14)
                StringLiteral : "Original Matrix:\n" (line 14)
        BlockItem :  (line 20)
          ForStatement :  (line 20)
            ForInitStatement :  (line 15)
              Declaration :  (line 15)
                DeclarationSpecifiers :  (line 15)
                  TypeSpecifier : int (line 15)
                InitDeclaratorList :  (line 15)
                  InitDeclarator :  (line 15)
                    DirectDeclarator : i (line 15)
                    Initializer :  (line 15)
                      Constant : 0 (line 15)
            ExpressionStatement :  (line 15)
              RelationalExpression : < (line 15)
                Identifier : i (line 15)
                Constant : 3 (line 15)
            PostfixExpression : ++ (line 15)
              Identifier : i (line 15)
            CompoundStatement :  (line 20)
              BlockItemList :  (line 18)
                BlockItem :  (line 18)
                  ForStatement :  (line 18)
                    ForInitStatement :  (line 16)
                      Declaration :  (line 16)
                        DeclarationSpecifiers :  (line 16)
                          TypeSpecifier : int (line 16)
                        InitDeclaratorList :  (line 16)
                          InitDeclarator :  (line 16)
                            DirectDeclarator : j (line 16)
                            Initializer :  (line 16)
                              Constant : 0 (line 16)
                    ExpressionStatement :  (line 16)
                      RelationalExpression : < (line 16)
                        Identifier : j (line 16)
                        Constant : 3 (line 16)
                    PostfixExpression : ++ (line 16)
                      Identifier : j (line 16)
                    CompoundStatement :  (line 18)
                      BlockItemList :  (line 17)
                        BlockItem :  (line 17)
                          ExpressionStatement :  (line 17)
                            FunctionCall :  (line 17)
                              Identifier : printf (line 17)
                              ArgumentList :  (line 17)
                                StringLiteral : "%d " (line 17)
                                ArraySubscript :  (line 17)
                                  ArraySubscript :  (line 17)
                                    Identifier : a (line 17)
                                    Identifier : i (line 17)
                                  Identifier : j (line 17)
                BlockItem :  (line 19)
                  ExpressionStatement :  (line 19)
                    FunctionCall :  (line 19)
                      Identifier : printf (line 19)
                      ArgumentList :  (line 19)
                        StringLiteral : "\n" (line 19)
        BlockItem :  (line 22)
          ExpressionStatement :  (line 22)
            FunctionCall :  (line 22)
              Identifier : printf (line 22)
              ArgumentList :  (line 22)
                StringLiteral : "\n=== Test 3: Matrix Transpose ===\n" (line 22)
        BlockItem :  (line 23)
          Declaration :  (line 23)
            DeclarationSpecifiers :  (line 23)
              TypeSpecifier : int (line 23)
            InitDeclaratorList :  (line 23)
              InitDeclarator :  (line 23)
                ArrayDeclarator :  (line 23)
                  ArrayDeclarator :  (line 23)
                    DirectDeclarator : b (line 23)
                    Constant : 3 (line 23)
                  Constant : 3 (line 23)
        BlockItem :  (line 30)
          ForStatement :  (line 30)
            ForInitStatement :  (line 26)
              Declaration :  (line 26)
                DeclarationSpecifiers :  (line 26)
                  TypeSpecifier : int (line 26)
                InitDeclaratorList :  (line 26)
                  InitDeclarator :  (line 26)
                    DirectDeclarator : i (line 26)
                    Initializer :  (line 26)
                      Constant : 0 (line 26)
            ExpressionStatement :  (line 26)
              RelationalExpression : < (line 26)
                Identifier : i (line 26)
                Constant : 3 (line 26)
            PostfixExpression : ++ (line 26)
              Identifier : i (line 26)
            CompoundStatement :  (line 30)
              BlockItemList :  (line 29)
                BlockItem :  (line 29)
                  ForStatement :  (line 29)
                    ForInitStatement :  (line 27)
                      Declaration :  (line 27)
                        DeclarationSpecifiers :  (line 27)
                          TypeSpecifier : int (line 27)
                        InitDeclaratorList :  (line 27)
                          InitDeclarator :  (line 27)
                            DirectDeclarator : j (line 27)
                            Initializer :  (line 27)
                              Constant : 0 (line 27)
                    ExpressionStatement :  (line 27)
                      RelationalExpression : < (line 27)
                        Identifier : j (line 27)
                        Constant : 3 (line 27)
                    PostfixExpression : ++ (line 27)
                      Identifier : j (line 27)
                    CompoundStatement :  (line 29)
                      BlockItemList :  (line 28)
                        BlockItem :  (line 28)
                          ExpressionStatement :  (line 28)
                            AssignmentExpression : = (line 28)
                              ArraySubscript :  (line 28)
                                ArraySubscript :  (line 28)
                                  Identifier : b (line 28)
                                  Identifier : j (line 28)
                                Identifier : i (line 28)
                              ArraySubscript :  (line 28)
                                ArraySubscript :  (line 28)
                                  Identifier : a (line 28)
                                  Identifier : i (line 28)
                                Identifier : j (line 28)
        BlockItem :  (line 32)
          ExpressionStatement :  (line 32)
            FunctionCall :  (line 32)
              Identifier : printf (line 32)
              ArgumentList :  (line 32)
                StringLiteral : "Transposed Matrix:\n" (line 32)
        BlockItem :  (line 38)
          ForStatement :  (line 38)
            ForInitStatement :  (line 33)
              Declaration :  (line 33)
                DeclarationSpecifiers :  (line 33)
                  TypeSpecifier : int (line 33)
                InitDeclaratorList :  (line 33)
                  InitDeclarator :  (line 33)
                    DirectDeclarator : i (line 33)
                    Initializer :  (line 33)
                      Constant : 0 (line 33)
            ExpressionStatement :  (line 33)
              RelationalExpression : < (line 33)
                Identifier : i (line 33)
                Constant : 3 (line 33)
            PostfixExpression : ++ (line 33)
              Identifier : i (line 33)
            CompoundStatement :  (line 38)
              BlockItemList :  (line 36)
                BlockItem :  (line 36)
                  ForStatement :  (line 36)
                    ForInitStatement :  (line 34)
                      Declaration :  (line 34)
                        DeclarationSpecifiers :  (line 34)
                          TypeSpecifier : int (line 34)
                        InitDeclaratorList :  (line 34)
                          InitDeclarator :  (line 34)
                            DirectDeclarator : j (line 34)
                            Initializer :  (line 34)
                              Constant : 0 (line 34)
                    ExpressionStatement :  (line 34)
                      RelationalExpression : < (line 34)
                        Identifier : j (line 34)
                        Constant : 3 (line 34)
                    PostfixExpression : ++ (line 34)
                      Identifier : j (line 34)
                    CompoundStatement :  (line 36)
                      BlockItemList :  (line 35)
                        BlockItem :  (line 35)
                          ExpressionStatement :  (line 35)
                            FunctionCall :  (line 35)
                              Identifier : printf (line 35)
                              ArgumentList :  (line 35)
                                StringLiteral : "%d " (line 35)
                                ArraySubscript :  (line 35)
                                  ArraySubscript :  (line 35)
                                    Identifier : b (line 35)
                                    Identifier : i (line 35)
                                  Identifier : j (line 35)
                BlockItem :  (line 37)
                  ExpressionStatement :  (line 37)
                    FunctionCall :  (line 37)
                      Identifier : printf (line 37)
                      ArgumentList :  (line 37)
                        StringLiteral : "\n" (line 37)
        BlockItem :  (line 40)
          ExpressionStatement :  (line 40)
            FunctionCall :  (line 40)
              Identifier : printf (line 40)
              ArgumentList :  (line 40)
                StringLiteral : "\n=== Test 4: Sum of All Elements ===\n" (line 40)
        BlockItem :  (line 41)
          Declaration :  (line 41)
            DeclarationSpecifiers :  (line 41)
              TypeSpecifier : int (line 41)
            InitDeclaratorList :  (line 41)
              InitDeclarator :  (line 41)
                DirectDeclarator : sum (line 41)
                Initializer :  (line 41)
                  Constant : 0 (line 41)
        BlockItem :  (line 46)
          ForStatement :  (line 46)
            ForInitStatement :  (line 42)
              Declaration :  (line 42)
                DeclarationSpecifiers :  (line 42)
                  TypeSpecifier : int (line 42)
                InitDeclaratorList :  (line 42)
                  InitDeclarator :  (line 42)
                    DirectDeclarator : i (line 42)
                    Initializer :  (line 42)
                      Constant : 0 (line 42)
            ExpressionStatement :  (line 42)
              RelationalExpression : < (line 42)
                Identifier : i (line 42)
                Constant : 3 (line 42)
            PostfixExpression : ++ (line 42)
              Identifier : i (line 42)
            CompoundStatement :  (line 46)
              BlockItemList :  (line 45)
                BlockItem :  (line 45)
                  ForStatement :  (line 45)
                    ForInitStatement :  (line 43)
                      Declaration :  (line 43)
                        DeclarationSpecifiers :  (line 43)
                          TypeSpecifier : int (line 43)
                        InitDeclaratorList :  (line 43)
                          InitDeclarator :  (line 43)
                            DirectDeclarator : j (line 43)
                            Initializer :  (line 43)
                              Constant : 0 (line 43)
                    ExpressionStatement :  (line 43)
                      RelationalExpression : < (line 43)
                        Identifier : j (line 43)
                        Constant : 3 (line 43)
                    PostfixExpression : ++ (line 43)
                      Identifier : j (line 43)
                    CompoundStatement :  (line 45)
                      BlockItemList :  (line 44)
                        BlockItem :  (line 44)
                          ExpressionStatement :  (line 44)
                            AssignmentExpression : = (line 44)
                              Identifier : sum (line 44)
                              AdditiveExpression : + (line 44)
                                Identifier : sum (line 44)
                                ArraySubscript :  (line 44)
                                  ArraySubscript :  (line 44)
                                    Identifier : a (line 44)
                                    Identifier : i (line 44)
                                  Identifier : j (line 44)
        BlockItem :  (line 47)
          ExpressionStatement :  (line 47)
            FunctionCall :  (line 47)
              Identifier : printf (line 47)
              ArgumentList :  (line 47)
                StringLiteral : "Total sum: %d\n" (line 47)
                Identifier : sum (line 47)
        BlockItem :  (line 49)
          ExpressionStatement :  (line 49)
            FunctionCall :  (line 49)
              Identifier : printf (line 49)
              ArgumentList :  (line 49)
                StringLiteral : "\n=== Test 5: Row Sums ===\n" (line 49)
        BlockItem :  (line 56)
          ForStatement :  (line 56)
            ForInitStatement :  (line 50)
              Declaration :  (line 50)
                DeclarationSpecifiers :  (line 50)
                  TypeSpecifier : int (line 50)
                InitDeclaratorList :  (line 50)
                  InitDeclarator :  (line 50)
                    DirectDeclarator : i (line 50)
                    Initializer :  (line 50)
                      Constant : 0 (line 50)
            ExpressionStatement :  (line 50)
              RelationalExpression : < (line 50)
                Identifier : i (line 50)
                Constant : 3 (line 50)
            PostfixExpression : ++ (line 50)
              Identifier : i (line 50)
            CompoundStatement :  (line 56)
              BlockItemList :  (line 51)
                BlockItem :  (line 51)
                  Declaration :  (line 51)
                    DeclarationSpecifiers :  (line 51)
                      TypeSpecifier : int (line 51)
                    InitDeclaratorList :  (line 51)
                      InitDeclarator :  (line 51)
                        DirectDeclarator : row_sum (line 51)
                        Initializer :  (line 51)
                          Constant : 0 (line 51)
                BlockItem :  (line 54)
                  ForStatement :  (line 54)
                    ForInitStatement :  (line 52)
                      Declaration :  (line 52)
                        DeclarationSpecifiers :  (line 52)
                          TypeSpecifier : int (line 52)
                        InitDeclaratorList :  (line 52)
                          InitDeclarator :  (line 52)
                            DirectDeclarator : j (line 52)
                            Initializer :  (line 52)
                              Constant : 0 (line 52)
                    ExpressionStatement :  (line 52)
                      RelationalExpression : < (line 52)
                        Identifier : j (line 52)
                        Constant : 3 (line 52)
                    PostfixExpression : ++ (line 52)
                      Identifier : j (line 52)
                    CompoundStatement :  (line 54)
                      BlockItemList :  (line 53)
                        BlockItem :  (line 53)
                          ExpressionStatement :  (line 53)
                            AssignmentExpression : = (line 53)
                              Identifier : row_sum (line 53)
                              AdditiveExpression : + (line 53)
                                Identifier : row_sum (line 53)
                                ArraySubscript :  (line 53)
                                  ArraySubscript :  (line 53)
                                    Identifier : a (line 53)
                                    Identifier : i (line 53)
                                  Identifier : j (line 53)
                BlockItem :  (line 55)
                  ExpressionStatement :  (line 55)
                    FunctionCall :  (line 55)
                      Identifier : printf (line 55)
                      ArgumentList :  (line 55)
                        StringLiteral : "Row %d sum: %d\n" (line 55)
                        Identifier : i (line 55)
                        Identifier : row_sum (line 55)
        BlockItem :  (line 58)
          ExpressionStatement :  (line 58)
            FunctionCall :  (line 58)
              Identifier : printf (line 58)
              ArgumentList :  (line 58)
                StringLiteral : "\n=== Test 6: Column Sums ===\n" (line 58)
        BlockItem :  (line 65)
          ForStatement :  (line 65)
            ForInitStatement :  (line 59)
              Declaration :  (line 59)
                DeclarationSpecifiers :  (line 59)
                  TypeSpecifier : int (line 59)
                InitDeclaratorList :  (line 59)
                  InitDeclarator :  (line 59)
                    DirectDeclarator : j (line 59)
                    Initializer :  (line 59)
                      Constant : 0 (line 59)
            ExpressionStatement :  (line 59)
              RelationalExpression : < (line 59)
                Identifier : j (line 59)
                Constant : 3 (line 59)
            PostfixExpression : ++ (line 59)
              Identifier : j (line 59)
            CompoundStatement :  (line 65)
              BlockItemList :  (line 60)
                BlockItem :  (line 60)
                  Declaration :  (line 60)
                    DeclarationSpecifiers :  (line 60)
                      TypeSpecifier : int (line 60)
                    InitDeclaratorList :  (line 60)
                      InitDeclarator :  (line 60)
                        DirectDeclarator : col_sum (line 60)
                        Initializer :  (line 60)
                          Constant : 0 (line 60)
                BlockItem :  (line 63)
                  ForStatement :  (line 63)
                    ForInitStatement :  (line 61)
                      Declaration :  (line 61)
                        DeclarationSpecifiers :  (line 61)
                          TypeSpecifier : int (line 61)
                        InitDeclaratorList :  (line 61)
                          InitDeclarator :  (line 61)
                            DirectDeclarator : i (line 61)
                            Initializer :  (line 61)
                              Constant : 0 (line 61)
                    ExpressionStatement :  (line 61)
                      RelationalExpression : < (line 61)
                        Identifier : i (line 61)
                        Constant : 3 (line 61)
                    PostfixExpression : ++ (line 61)
                      Identifier : i (line 61)
                    CompoundStatement :  (line 63)
                      BlockItemList :  (line 62)
                        BlockItem :  (line 62)
                          ExpressionStatement :  (line 62)
                            AssignmentExpression : = (line 62)
                              Identifier : col_sum (line 62)
                              AdditiveExpression : + (line 62)
                                Identifier : col_sum (line 62)
                                ArraySubscript :  (line 62)
                                  ArraySubscript :  (line 62)
                                    Identifier : a (line 62)
                                    Identifier : i (line 62)
                                  Identifier : j (line 62)
                BlockItem :  (line 64)
                  ExpressionStatement :  (line 64)
                    FunctionCall :  (line 64)
                      Identifier : printf (line 64)
                      ArgumentList :  (line 64)
                        StringLiteral : "Column %d sum: %d\n" (line 64)
                        Identifier : j (line 64)
                        Identifier : col_sum (line 64)
        BlockItem :  (line 67)
          ExpressionStatement :  (line 67)
            FunctionCall :  (line 67)
              Identifier : printf (line 67)
              ArgumentList :  (line 67)
                StringLiteral : "\n=== Test 7: Diagonal Elements ===\n" (line 67)
        BlockItem :  (line 68)
          ExpressionStatement :  (line 68)
            FunctionCall :  (line 68)
              Identifier : printf (line 68)
              ArgumentList :  (line 68)
                StringLiteral : "Main diagonal: " (line 68)
        BlockItem :  (line 71)
          ForStatement :  (line 71)
            ForInitStatement :  (line 69)
              Declaration :  (line 69)
                DeclarationSpecifiers :  (line 69)
                  TypeSpecifier : int (line 69)
                InitDeclaratorList :  (line 69)
                  InitDeclarator :  (line 69)
                    DirectDeclarator : i (line 69)
                    Initializer :  (line 69)
                      Constant : 0 (line 69)
            ExpressionStatement :  (line 69)
              RelationalExpression : < (line 69)
                Identifier : i (line 69)
                Constant : 3 (line 69)
            PostfixExpression : ++ (line 69)
              Identifier : i (line 69)
            CompoundStatement :  (line 71)
              BlockItemList :  (line 70)
                BlockItem :  (line 70)
                  ExpressionStatement :  (line 70)
                    FunctionCall :  (line 70)
                      Identifier : printf (line 70)
                      ArgumentList :  (line 70)
                        StringLiteral : "%d " (line 70)
                        ArraySubscript :  (line 70)
                          ArraySubscript :  (line 70)
                            Identifier : a (line 70)
                            Identifier : i (line 70)
                          Identifier : i (line 70)
        BlockItem :  (line 72)
          ExpressionStatement :  (line 72)
            FunctionCall :  (line 72)
              Identifier : printf (line 72)
              ArgumentList :  (line 72)
                StringLiteral : "\n" (line 72)
        BlockItem :  (line 74)
          ExpressionStatement :  (line 74)
            FunctionCall :  (line 74)
              Identifier : printf (line 74)
              ArgumentList :  (line 74)
                StringLiteral : "Anti-diagonal: " (line 74)
        BlockItem :  (line 77)
          ForStatement :  (line 77)
            ForInitStatement :  (line 75)
              Declaration :  (line 75)
                DeclarationSpecifiers :  (line 75)
                  TypeSpecifier : int (line 75)
                InitDeclaratorList :  (line 75)
                  InitDeclarator :  (line 75)
                    DirectDeclarator : i (line 75)
                    Initializer :  (line 75)
                      Constant : 0 (line 75)
            ExpressionStatement :  (line 75)
              RelationalExpression : < (line 75)
                Identifier : i (line 75)
                Constant : 3 (line 75)
            PostfixExpression : ++ (line 75)
              Identifier : i (line 75)
            CompoundStatement :  (line 77)
              BlockItemList :  (line 76)
                BlockItem :  (line 76)
                  ExpressionStatement :  (line 76)
                    FunctionCall :  (line 76)
                      Identifier : printf (line 76)
                      ArgumentList :  (line 76)
                        StringLiteral : "%d " (line 76)
                        ArraySubscript :  (line 76)
                          ArraySubscript :  (line 76)
                            Identifier : a (line 76)
                            Identifier : i (line 76)
                          AdditiveExpression : - (line 76)
                            Constant : 2 (line 76)
                            Identifier : i (line 76)
        BlockItem :  (line 78)
          ExpressionStatement :  (line 78)
            FunctionCall :  (line 78)
              Identifier : printf (line 78)
              ArgumentList :  (line 78)
                StringLiteral : "\n" (line 78)
        BlockItem :  (line 80)
          ExpressionStatement :  (line 80)
            FunctionCall :  (line 80)
              Identifier : printf (line 80)
              ArgumentList :  (line 80)
                StringLiteral : "\n=== Test 8: Array Copy ===\n" (line 80)
        BlockItem :  (line 81)
          Declaration :  (line 81)
            DeclarationSpecifiers :  (line 81)
              TypeSpecifier : int (line 81)
            InitDeclaratorList :  (line 81)
              InitDeclarator :  (line 81)
                ArrayDeclarator :  (line 81)
                  ArrayDeclarator :  (line 81)
                    DirectDeclarator : c (line 81)
                    Constant : 3 (line 81)
                  Constant : 3 (line 81)
        BlockItem :  (line 86)
          ForStatement :  (line 86)
            ForInitStatement :  (line 82)
              Declaration :  (line 82)
                DeclarationSpecifiers :  (line 82)
                  TypeSpecifier : int (line 82)
                InitDeclaratorList :  (line 82)
                  InitDeclarator :  (line 82)
                    DirectDeclarator : i (line 82)
                    Initializer :  (line 82)
                      Constant : 0 (line 82)
            ExpressionStatement :  (line 82)
              RelationalExpression : < (line 82)
                Identifier : i (line 82)
                Constant : 3 (line 82)
            PostfixExpression : ++ (line 82)
              Identifier : i (line 82)
            CompoundStatement :  (line 86)
              BlockItemList :  (line 85)
                BlockItem :  (line 85)
                  ForStatement :  (line 85)
                    ForInitStatement :  (line 83)
                      Declaration :  (line 83)
                        DeclarationSpecifiers :  (line 83)
                          TypeSpecifier : int (line 83)
                        InitDeclaratorList :  (line 83)
                          InitDeclarator :  (line 83)
                            DirectDeclarator : j (line 83)
                            Initializer :  (line 83)
                              Constant : 0 (line 83)
                    ExpressionStatement :  (line 83)
                      RelationalExpression : < (line 83)
                        Identifier : j (line 83)
                        Constant : 3 (line 83)
                    PostfixExpression : ++ (line 83)
                      Identifier : j (line 83)
                    CompoundStatement :  (line 85)
                      BlockItemList :  (line 84)
                        BlockItem :  (line 84)
                          ExpressionStatement :  (line 84)
                            AssignmentExpression : = (line 84)
                              ArraySubscript :  (line 84)
                                ArraySubscript :  (line 84)
                                  Identifier : c (line 84)
                                  Identifier : i (line 84)
                                Identifier : j (line 84)
                              ArraySubscript :  (line 84)
                                ArraySubscript :  (line 84)
                                  Identifier : a (line 84)
                                  Identifier : i (line 84)
                                Identifier : j (line 84)
        BlockItem :  (line 87)
          ExpressionStatement :  (line 87)
            FunctionCall :  (line 87)
              Identifier : printf (line 87)
              ArgumentList :  (line 87)
                StringLiteral : "Copied array:\n" (line 87)
        BlockItem :  (line 93)
          ForStatement :  (line 93)
            ForInitStatement :  (line 88)
              Declaration :  (line 88)
                DeclarationSpecifiers :  (line 88)
                  TypeSpecifier : int (line 88)
                InitDeclaratorList :  (line 88)
                  InitDeclarator :  (line 88)
                    DirectDeclarator : i (line 88)
                    Initializer :  (line 88)
                      Constant : 0 (line 88)
            ExpressionStatement :  (line 88)
              RelationalExpression : < (line 88)
                Identifier : i (line 88)
                Constant : 3 (line 88)
            PostfixExpression : ++ (line 88)
              Identifier : i (line 88)
            CompoundStatement :  (line 93)
              BlockItemList :  (line 91)
                BlockItem :  (line 91)
                  ForStatement :  (line 91)
                    ForInitStatement :  (line 89)
                      Declaration :  (line 89)
                        DeclarationSpecifiers :  (line 89)
                          TypeSpecifier : int (line 89)
                        InitDeclaratorList :  (line 89)
                          InitDeclarator :  (line 89)
                            DirectDeclarator : j (line 89)
                            Initializer :  (line 89)
                              Constant : 0 (line 89)
                    ExpressionStatement :  (line 89)
                      RelationalExpression : < (line 89)
                        Identifier : j (line 89)
                        Constant : 3 (line 89)
                    PostfixExpression : ++ (line 89)
                      Identifier : j (line 89)
                    CompoundStatement :  (line 91)
                      BlockItemList :  (line 90)
                        BlockItem :  (line 90)
                          ExpressionStatement :  (line 90)
                            FunctionCall :  (line 90)
                              Identifier : printf (line 90)
                              ArgumentList :  (line 90)
                                StringLiteral : "%d " (line 90)
                                ArraySubscript :  (line 90)
                                  ArraySubscript :  (line 90)
                                    Identifier : c (line 90)
                                    Identifier : i (line 90)
                                  Identifier : j (line 90)
                BlockItem :  (line 92)
                  ExpressionStatement :  (line 92)
                    FunctionCall :  (line 92)
                      Identifier : printf (line 92)
                      ArgumentList :  (line 92)
                        StringLiteral : "\n" (line 92)
        BlockItem :  (line 95)
          ExpressionStatement :  (line 95)
            FunctionCall :  (line 95)
              Identifier : printf (line 95)
              ArgumentList :  (line 95)
                StringLiteral : "\n=== Test 11: Scalar Multiplication ===\n" (line 95)
        BlockItem :  (line 96)
          Declaration :  (line 96)
            DeclarationSpecifiers :  (line 96)
              TypeSpecifier : int (line 96)
            InitDeclaratorList :  (line 96)
              InitDeclarator :  (line 96)
                DirectDeclarator : scalar (line 96)
                Initializer :  (line 96)
                  Constant : 2 (line 96)
        BlockItem :  (line 97)
          ExpressionStatement :  (line 97)
            FunctionCall :  (line 97)
              Identifier : printf (line 97)
              ArgumentList :  (line 97)
                StringLiteral : "Multiply by %d:\n" (line 97)
                Identifier : scalar (line 97)
        BlockItem :  (line 103)
          ForStatement :  (line 103)
            ForInitStatement :  (line 98)
              Declaration :  (line 98)
                DeclarationSpecifiers :  (line 98)
                  TypeSpecifier : int (line 98)
                InitDeclaratorList :  (line 98)
                  InitDeclarator :  (line 98)
                    DirectDeclarator : i (line 98)
                    Initializer :  (line 98)
                      Constant : 0 (line 98)
            ExpressionStatement :  (line 98)
              RelationalExpression : < (line 98)
                Identifier : i (line 98)
                Constant : 3 (line 98)
            PostfixExpression : ++ (line 98)
              Identifier : i (line 98)
            CompoundStatement :  (line 103)
              BlockItemList :  (line 101)
                BlockItem :  (line 101)
                  ForStatement :  (line 101)
                    ForInitStatement :  (line 99)
                      Declaration :  (line 99)
                        DeclarationSpecifiers :  (line 99)
                          TypeSpecifier : int (line 99)
                        InitDeclaratorList :  (line 99)
                          InitDeclarator :  (line 99)
                            DirectDeclarator : j (line 99)
                            Initializer :  (line 99)
                              Constant : 0 (line 99)
                    ExpressionStatement :  (line 99)
                      RelationalExpression : < (line 99)
                        Identifier : j (line 99)
                        Constant : 3 (line 99)
                    PostfixExpression : ++ (line 99)
                      Identifier : j (line 99)
                    CompoundStatement :  (line 101)
                      BlockItemList :  (line 100)
                        BlockItem :  (line 100)
                          ExpressionStatement :  (line 100)
                            FunctionCall :  (line 100)
                              Identifier : printf (line 100)
                              ArgumentList :  (line 100)
                                StringLiteral : "%d " (line 100)
                                MultiplicativeExpression : * (line 100)
                                  ArraySubscript :  (line 100)
                                    ArraySubscript :  (line 100)
                                      Identifier : a (line 100)
                                      Identifier : i (line 100)
                                    Identifier : j (line 100)
                                  Identifier : scalar (line 100)
                BlockItem :  (line 102)
                  ExpressionStatement :  (line 102)
                    FunctionCall :  (line 102)
                      Identifier : printf (line 102)
                      ArgumentList :  (line 102)
                        StringLiteral : "\n" (line 102)
        BlockItem :  (line 105)
          ExpressionStatement :  (line 105)
            FunctionCall :  (line 105)
              Identifier : printf (line 105)
              ArgumentList :  (line 105)
                StringLiteral : "\n=== Test 10: Pattern Generation ===\n" (line 105)
        BlockItem :  (line 106)
          Declaration :  (line 106)
            DeclarationSpecifiers :  (line 106)
              TypeSpecifier : int (line 106)
            InitDeclaratorList :  (line 106)
              InitDeclarator :  (line 106)
                ArrayDeclarator :  (line 106)
                  ArrayDeclarator :  (line 106)
                    DirectDeclarator : pattern (line 106)
                    Constant : 4 (line 106)
                  Constant : 4 (line 106)
        BlockItem :  (line 111)
          ForStatement :  (line 111)
            ForInitStatement :  (line 107)
              Declaration :  (line 107)
                DeclarationSpecifiers :  (line 107)
                  TypeSpecifier : int (line 107)
                InitDeclaratorList :  (line 107)
                  InitDeclarator :  (line 107)
                    DirectDeclarator : i (line 107)
                    Initializer :  (line 107)
                      Constant : 0 (line 107)
            ExpressionStatement :  (line 107)
              RelationalExpression : < (line 107)
                Identifier : i (line 107)
                Constant : 4 (line 107)
            PostfixExpression : ++ (line 107)
              Identifier : i (line 107)
            CompoundStatement :  (line 111)
              BlockItemList :  (line 110)
                BlockItem :  (line 110)
                  ForStatement :  (line 110)
                    ForInitStatement :  (line 108)
                      Declaration :  (line 108)
                        DeclarationSpecifiers :  (line 108)
                          TypeSpecifier : int (line 108)
                        InitDeclaratorList :  (line 108)
                          InitDeclarator :  (line 108)
                            DirectDeclarator : j (line 108)
                            Initializer :  (line 108)
                              Constant : 0 (line 108)
                    ExpressionStatement :  (line 108)
                      RelationalExpression : < (line 108)
                        Identifier : j (line 108)
                        Constant : 4 (line 108)
                    PostfixExpression : ++ (line 108)
                      Identifier : j (line 108)
                    CompoundStatement :  (line 110)
                      BlockItemList :  (line 109)
                        BlockItem :  (line 109)
                          ExpressionStatement :  (line 109)
                            AssignmentExpression : = (line 109)
                              ArraySubscript :  (line 109)
                                ArraySubscript :  (line 109)
                                  Identifier : pattern (line 109)
                                  Identifier : i (line 109)
                                Identifier : j (line 109)
                              AdditiveExpression : + (line 109)
                                Identifier : i (line 109)
                                Identifier : j (line 109)
        BlockItem :  (line 112)
          ExpressionStatement :  (line 112)
            FunctionCall :  (line 112)
              Identifier : printf (line 112)
              ArgumentList :  (line 112)
                StringLiteral : "Pattern (i+j):\n" (line 112)
        BlockItem :  (line 118)
          ForStatement :  (line 118)
            ForInitStatement :  (line 113)
              Declaration :  (line 113)
                DeclarationSpecifiers :  (line 113)
                  TypeSpecifier : int (line 113)
                InitDeclaratorList :  (line 113)
                  InitDeclarator :  (line 113)
                    DirectDeclarator : i (line 113)
                    Initializer :  (line 113)
                      Constant : 0 (line 113)
            ExpressionStatement :  (line 113)
              RelationalExpression : < (line 113)
                Identifier : i (line 113)
                Constant : 4 (line 113)
            PostfixExpression : ++ (line 113)
              Identifier : i (line 113)
            CompoundStatement :  (line 118)
              BlockItemList :  (line 116)
                BlockItem :  (line 116)
                  ForStatement :  (line 116)
                    ForInitStatement :  (line 114)
                      Declaration :  (line 114)
                        DeclarationSpecifiers :  (line 114)
                          TypeSpecifier : int (line 114)
                        InitDeclaratorList :  (line 114)
                          InitDeclarator :  (line 114)
                            DirectDeclarator : j (line 114)
                            Initializer :  (line 114)
                              Constant : 0 (line 114)
                    ExpressionStatement :  (line 114)
                      RelationalExpression : < (line 114)
                        Identifier : j (line 114)
                        Constant : 4 (line 114)
                    PostfixExpression : ++ (line 114)
                      Identifier : j (line 114)
                    CompoundStatement :  (line 116)
                      BlockItemList :  (line 115)
                        BlockItem :  (line 115)
                          ExpressionStatement :  (line 115)
                            FunctionCall :  (line 115)
                              Identifier : printf (line 115)
                              ArgumentList :  (line 115)
                                StringLiteral : "%d " (line 115)
                                ArraySubscript :  (line 115)
                                  ArraySubscript :  (line 115)
                                    Identifier : pattern (line 115)
                                    Identifier : i (line 115)
                                  Identifier : j (line 115)
                BlockItem :  (line 117)
                  ExpressionStatement :  (line 117)
                    FunctionCall :  (line 117)
                      Identifier : printf (line 117)
                      ArgumentList :  (line 117)
                        StringLiteral : "\n" (line 117)
        BlockItem :  (line 120)
          ExpressionStatement :  (line 120)
            FunctionCall :  (line 120)
              Identifier : printf (line 120)
              ArgumentList :  (line 120)
                StringLiteral : "\n=== Test 14: Counter Pattern ===\n" (line 120)
        BlockItem :  (line 121)
          Declaration :  (line 121)
            DeclarationSpecifiers :  (line 121)
              TypeSpecifier : int (line 121)
            InitDeclaratorList :  (line 121)
              InitDeclarator :  (line 121)
                ArrayDeclarator :  (line 121)
                  ArrayDeclarator :  (line 121)
                    DirectDeclarator : counter (line 121)
                    Constant : 3 (line 121)
                  Constant : 3 (line 121)
        BlockItem :  (line 122)
          Declaration :  (line 122)
            DeclarationSpecifiers :  (line 122)
              TypeSpecifier : int (line 122)
            InitDeclaratorList :  (line 122)
              InitDeclarator :  (line 122)
                DirectDeclarator : count (line 122)
                Initializer :  (line 122)
                  Constant : 1 (line 122)
        BlockItem :  (line 128)
          ForStatement :  (line 128)
            ForInitStatement :  (line 123)
              Declaration :  (line 123)
                DeclarationSpecifiers :  (line 123)
                  TypeSpecifier : int (line 123)
                InitDeclaratorList :  (line 123)
                  InitDeclarator :  (line 123)
                    DirectDeclarator : i (line 123)
                    Initializer :  (line 123)
                      Constant : 0 (line 123)
            ExpressionStatement :  (line 123)
              RelationalExpression : < (line 123)
                Identifier : i (line 123)
                Constant : 3 (line 123)
            PostfixExpression : ++ (line 123)
              Identifier : i (line 123)
            CompoundStatement :  (line 128)
              BlockItemList :  (line 127)
                BlockItem :  (line 127)
                  ForStatement :  (line 127)
                    ForInitStatement :  (line 124)
                      Declaration :  (line 124)
                        DeclarationSpecifiers :  (line 124)
                          TypeSpecifier : int (line 124)
                        InitDeclaratorList :  (line 124)
                          InitDeclarator :  (line 124)
                            DirectDeclarator : j (line 124)
                            Initializer :  (line 124)
                              Constant : 0 (line 124)
                    ExpressionStatement :  (line 124)
                      RelationalExpression : < (line 124)
                        Identifier : j (line 124)
                        Constant : 3 (line 124)
                    PostfixExpression : ++ (line 124)
                      Identifier : j (line 124)
                    CompoundStatement :  (line 127)
                      BlockItemList :  (line 125)
                        BlockItem :  (line 125)
                          ExpressionStatement :  (line 125)
                            AssignmentExpression : = (line 125)
                              ArraySubscript :  (line 125)
                                ArraySubscript :  (line 125)
                                  Identifier : counter (line 125)
                                  Identifier : i (line 125)
                                Identifier : j (line 125)
                              Identifier : count (line 125)
                        BlockItem :  (line 126)
                          ExpressionStatement :  (line 126)
                            AssignmentExpression : = (line 126)
                              Identifier : count (line 126)
                              AdditiveExpression : + (line 126)
                                Identifier : count (line 126)
                                Constant : 1 (line 126)
        BlockItem :  (line 129)
          ExpressionStatement :  (line 129)
            FunctionCall :  (line 129)
              Identifier : printf (line 129)
              ArgumentList :  (line 129)
                StringLiteral : "Counter matrix:\n" (line 129)
        BlockItem :  (line 135)
          ForStatement :  (line 135)
            ForInitStatement :  (line 130)
              Declaration :  (line 130)
                DeclarationSpecifiers :  (line 130)
                  TypeSpecifier : int (line 130)
                InitDeclaratorList :  (line 130)
                  InitDeclarator :  (line 130)
                    DirectDeclarator : i (line 130)
                    Initializer :  (line 130)
                      Constant : 0 (line 130)
            ExpressionStatement :  (line 130)
              RelationalExpression : < (line 130)
                Identifier : i (line 130)
                Constant : 3 (line 130)
            PostfixExpression : ++ (line 130)
              Identifier : i (line 130)
            CompoundStatement :  (line 135)
              BlockItemList :  (line 133)
                BlockItem :  (line 133)
                  ForStatement :  (line 133)
                    ForInitStatement :  (line 131)
                      Declaration :  (line 131)
                        DeclarationSpecifiers :  (line 131)
                          TypeSpecifier : int (line 131)
                        InitDeclaratorList :  (line 131)
                          InitDeclarator :  (line 131)
                            DirectDeclarator : j (line 131)
                            Initializer :  (line 131)
                              Constant : 0 (line 131)
                    ExpressionStatement :  (line 131)
                      RelationalExpression : < (line 131)
                        Identifier : j (line 131)
                        Constant : 3 (line 131)
                    PostfixExpression : ++ (line 131)
                      Identifier : j (line 131)
                    CompoundStatement :  (line 133)
                      BlockItemList :  (line 132)
                        BlockItem :  (line 132)
                          ExpressionStatement :  (line 132)
                            FunctionCall :  (line 132)
                              Identifier : printf (line 132)
                              ArgumentList :  (line 132)
                                StringLiteral : "%d " (line 132)
                                ArraySubscript :  (line 132)
                                  ArraySubscript :  (line 132)
                                    Identifier : counter (line 132)
                                    Identifier : i (line 132)
                                  Identifier : j (line 132)
                BlockItem :  (line 134)
                  ExpressionStatement :  (line 134)
                    FunctionCall :  (line 134)
                      Identifier : printf (line 134)
                      ArgumentList :  (line 134)
                        StringLiteral : "\n" (line 134)
        BlockItem :  (line 137)
          ExpressionStatement :  (line 137)
            FunctionCall :  (line 137)
              Identifier : printf (line 137)
              ArgumentList :  (line 137)
                StringLiteral : "\n=== Test 15: Boundary Elements ===\n" (line 137)
        BlockItem :  (line 138)
          ExpressionStatement :  (line 138)
            FunctionCall :  (line 138)
              Identifier : printf (line 138)
              ArgumentList :  (line 138)
                StringLiteral : "Top row: " (line 138)
        BlockItem :  (line 141)
          ForStatement :  (line 141)
            ForInitStatement :  (line 139)
              Declaration :  (line 139)
                DeclarationSpecifiers :  (line 139)
                  TypeSpecifier : int (line 139)
                InitDeclaratorList :  (line 139)
                  InitDeclarator :  (line 139)
                    DirectDeclarator : j (line 139)
                    Initializer :  (line 139)
                      Constant : 0 (line 139)
            ExpressionStatement :  (line 139)
              RelationalExpression : < (line 139)
                Identifier : j (line 139)
                Constant : 3 (line 139)
            PostfixExpression : ++ (line 139)
              Identifier : j (line 139)
            CompoundStatement :  (line 141)
              BlockItemList :  (line 140)
                BlockItem :  (line 140)
                  ExpressionStatement :  (line 140)
                    FunctionCall :  (line 140)
                      Identifier : printf (line 140)
                      ArgumentList :  (line 140)
                        StringLiteral : "%d " (line 140)
                        ArraySubscript :  (line 140)
                          ArraySubscript :  (line 140)
                            Identifier : a (line 140)
                            Constant : 0 (line 140)
                          Identifier : j (line 140)
        BlockItem :  (line 142)
          ExpressionStatement :  (line 142)
            FunctionCall :  (line 142)
              Identifier : printf (line 142)
              ArgumentList :  (line 142)
                StringLiteral : "\n" (line 142)
        BlockItem :  (line 144)
          ExpressionStatement :  (line 144)
            FunctionCall :  (line 144)
              Identifier : printf (line 144)
              ArgumentList :  (line 144)
                StringLiteral : "Bottom row: " (line 144)
        BlockItem :  (line 147)
          ForStatement :  (line 147)
            ForInitStatement :  (line 145)
              Declaration :  (line 145)
                DeclarationSpecifiers :  (line 145)
                  TypeSpecifier : int (line 145)
                InitDeclaratorList :  (line 145)
                  InitDeclarator :  (line 145)
                    DirectDeclarator : j (line 145)
                    Initializer :  (line 145)
                      Constant : 0 (line 145)
            ExpressionStatement :  (line 145)
              RelationalExpression : < (line 145)
                Identifier : j (line 145)
                Constant : 3 (line 145)
            PostfixExpression : ++ (line 145)
              Identifier : j (line 145)
            CompoundStatement :  (line 147)
              BlockItemList :  (line 146)
                BlockItem :  (line 146)
                  ExpressionStatement :  (line 146)
                    FunctionCall :  (line 146)
                      Identifier : printf (line 146)
                      ArgumentList :  (line 146)
                        StringLiteral : "%d " (line 146)
                        ArraySubscript :  (line 146)
                          ArraySubscript :  (line 146)
                            Identifier : a (line 146)
                            Constant : 2 (line 146)
                          Identifier : j (line 146)
        BlockItem :  (line 148)
          ExpressionStatement :  (line 148)
            FunctionCall :  (line 148)
              Identifier : printf (line 148)
              ArgumentList :  (line 148)
                StringLiteral : "\n" (line 148)
        BlockItem :  (line 150)
          ExpressionStatement :  (line 150)
            FunctionCall :  (line 150)
              Identifier : printf (line 150)
              ArgumentList :  (line 150)
                StringLiteral : "Left column: " (line 150)
        BlockItem :  (line 153)
          ForStatement :  (line 153)
            ForInitStatement :  (line 151)
              Declaration :  (line 151)
                DeclarationSpecifiers :  (line 151)
                  TypeSpecifier : int (line 151)
                InitDeclaratorList :  (line 151)
                  InitDeclarator :  (line 151)
                    DirectDeclarator : i (line 151)
                    Initializer :  (line 151)
                      Constant : 0 (line 151)
            ExpressionStatement :  (line 151)
              RelationalExpression : < (line 151)
                Identifier : i (line 151)
                Constant : 3 (line 151)
            PostfixExpression : ++ (line 151)
              Identifier : i (line 151)
            CompoundStatement :  (line 153)
              BlockItemList :  (line 152)
                BlockItem :  (line 152)
                  ExpressionStatement :  (line 152)
                    FunctionCall :  (line 152)
                      Identifier : printf (line 152)
                      ArgumentList :  (line 152)
                        StringLiteral : "%d " (line 152)
                        ArraySubscript :  (line 152)
                          ArraySubscript :  (line 152)
                            Identifier : a (line 152)
                            Identifier : i (line 152)
                          Constant : 0 (line 152)
        BlockItem :  (line 154)
          ExpressionStatement :  (line 154)
            FunctionCall :  (line 154)
              Identifier : printf (line 154)
              ArgumentList :  (line 154)
                StringLiteral : "\n" (line 154)
        BlockItem :  (line 156)
          ExpressionStatement :  (line 156)
            FunctionCall :  (line 156)
              Identifier : printf (line 156)
              ArgumentList :  (line 156)
                StringLiteral : "Right column: " (line 156)
        BlockItem :  (line 159)
          ForStatement :  (line 159)
            ForInitStatement :  (line 157)
              Declaration :  (line 157)
                DeclarationSpecifiers :  (line 157)
                  TypeSpecifier : int (line 157)
                InitDeclaratorList :  (line 157)
                  InitDeclarator :  (line 157)
                    DirectDeclarator : i (line 157)
                    Initializer :  (line 157)
                      Constant : 0 (line 157)
            ExpressionStatement :  (line 157)
              RelationalExpression : < (line 157)
                Identifier : i (line 157)
                Constant : 3 (line 157)
            PostfixExpression : ++ (line 157)
              Identifier : i (line 157)
            CompoundStatement :  (line 159)
              BlockItemList :  (line 158)
                BlockItem :  (line 158)
                  ExpressionStatement :  (line 158)
                    FunctionCall :  (line 158)
                      Identifier : printf (line 158)
                      ArgumentList :  (line 158)
                        StringLiteral : "%d " (line 158)
                        ArraySubscript :  (line 158)
                          ArraySubscript :  (line 158)
                            Identifier : a (line 158)
                            Identifier : i (line 158)
                          Constant : 2 (line 158)
        BlockItem :  (line 160)
          ExpressionStatement :  (line 160)
            FunctionCall :  (line 160)
              Identifier : printf (line 160)
              ArgumentList :  (line 160)
                StringLiteral : "\n" (line 160)
        BlockItem :  (line 162)
          ExpressionStatement :  (line 162)
            FunctionCall :  (line 162)
              Identifier : printf (line 162)
              ArgumentList :  (line 162)
                StringLiteral : "\n=== All 10 Tests Completed Successfully! ===\n" (line 162)
        BlockItem :  (line 164)
          ReturnStatement :  (line 164)
            Constant : 0 (line 164)

AST DOT file generated: ast.dot
TAC file generated: output.tac

=== MIPS ASSEMBLY GENERATION ===

=== MIPS ASSEMBLY CODE ===
    # ==============================================
    #   MIPS Assembly Code
    #   Generated from Three-Address Code
    # ==============================================

.data
.align 2
str_33: .asciiz "\n=== All 10 Tests Completed Successfully! ===\n"
.align 2
str_32: .asciiz "Right column: "
.align 2
str_31: .asciiz "Left column: "
.align 2
str_30: .asciiz "Bottom row: "
.align 2
str_29: .asciiz "Top row: "
.align 2
str_1: .asciiz "matrix[0][0] = %d\n"
.align 2
str_9: .asciiz "\n=== Test 3: Matrix Transpose ===\n"
.align 2
str_8: .asciiz "\n"
.align 2
str_11: .asciiz "\n=== Test 4: Sum of All Elements ===\n"
.align 2
str_6: .asciiz "Original Matrix:\n"
.align 2
str_18: .asciiz "Main diagonal: "
.align 2
str_5: .asciiz "\n=== Test 2: 3x3 Matrix Operations ===\n"
.align 2
str_10: .asciiz "Transposed Matrix:\n"
.align 2
str_27: .asciiz "Counter matrix:\n"
.align 2
str_2: .asciiz "matrix[0][1] = %d\n"
.align 2
str_4: .asciiz "matrix[1][1] = %d\n"
.align 2
str_0: .asciiz "=== Test 1: Basic 2D Array Access ===\n"
.align 2
str_13: .asciiz "\n=== Test 5: Row Sums ===\n"
.align 2
str_14: .asciiz "Row %d sum: %d\n"
.align 2
str_3: .asciiz "matrix[1][0] = %d\n"
.align 2
str_15: .asciiz "\n=== Test 6: Column Sums ===\n"
.align 2
str_21: .asciiz "Copied array:\n"
.align 2
str_16: .asciiz "Column %d sum: %d\n"
.align 2
str_17: .asciiz "\n=== Test 7: Diagonal Elements ===\n"
.align 2
str_7: .asciiz "%d "
.align 2
str_20: .asciiz "\n=== Test 8: Array Copy ===\n"
.align 2
str_22: .asciiz "\n=== Test 11: Scalar Multiplication ===\n"
.align 2
str_25: .asciiz "Pattern (i+j):\n"
.align 2
str_28: .asciiz "\n=== Test 15: Boundary Elements ===\n"
.align 2
str_23: .asciiz "Multiply by %d:\n"
.align 2
str_12: .asciiz "Total sum: %d\n"
.align 2
str_24: .asciiz "\n=== Test 10: Pattern Generation ===\n"
.align 2
str_19: .asciiz "Anti-diagonal: "
.align 2
str_26: .asciiz "\n=== Test 14: Counter Pattern ===\n"
.align 2
newline: .asciiz "\n"
.align 2
pattern: .space 64
.align 2
var_c: .space 36
.align 2
counter: .space 36
.align 2
var_b: .space 36
.align 2
var_a: .space 36
.align 2
matrix: .space 16

.text
.globl main


    # Function: main
main:
    # Reserve stack space for register spills
    addi $sp, $sp, -256
    la $s0, str_0
    # Save string param str_0 to $s0
    # Call printf
    li $v0, 11
    li $a0, 61
    syscall
    li $v0, 11
    li $a0, 61
    syscall
    li $v0, 11
    li $a0, 61
    syscall
    li $v0, 11
    li $a0, 32
    syscall
    li $v0, 11
    li $a0, 84
    syscall
    li $v0, 11
    li $a0, 101
    syscall
    li $v0, 11
    li $a0, 115
    syscall
    li $v0, 11
    li $a0, 116
    syscall
    li $v0, 11
    li $a0, 32
    syscall
    li $v0, 11
    li $a0, 49
    syscall
    li $v0, 11
    li $a0, 58
    syscall
    li $v0, 11
    li $a0, 32
    syscall
    li $v0, 11
    li $a0, 66
    syscall
    li $v0, 11
    li $a0, 97
    syscall
    li $v0, 11
    li $a0, 115
    syscall
    li $v0, 11
    li $a0, 105
    syscall
    li $v0, 11
    li $a0, 99
    syscall
    li $v0, 11
    li $a0, 32
    syscall
    li $v0, 11
    li $a0, 50
    syscall
    li $v0, 11
    li $a0, 68
    syscall
    li $v0, 11
    li $a0, 32
    syscall
    li $v0, 11
    li $a0, 65
    syscall
    li $v0, 11
    li $a0, 114
    syscall
    li $v0, 11
    li $a0, 114
    syscall
    li $v0, 11
    li $a0, 97
    syscall
    li $v0, 11
    li $a0, 121
    syscall
    li $v0, 11
    li $a0, 32
    syscall
    li $v0, 11
    li $a0, 65
    syscall
    li $v0, 11
    li $a0, 99
    syscall
    li $v0, 11
    li $a0, 99
    syscall
    li $v0, 11
    li $a0, 101
    syscall
    li $v0, 11
    li $a0, 115
    syscall
    li $v0, 11
    li $a0, 115
    syscall
    li $v0, 11
    li $a0, 32
    syscall
    li $v0, 11
    li $a0, 61
    syscall
    li $v0, 11
    li $a0, 61
    syscall
    li $v0, 11
    li $a0, 61
    syscall
    li $v0, 11
    li $a0, 10
    syscall
    la $t0, matrix
    li $t1, 1
    sw $t1, 0($t0)
    li $t2, 4
    add $t1, $t0, $t2
    li $t2, 2
    sw $t2, 0($t1)
    li $t3, 8
    add $t2, $t0, $t3
    li $t3, 3
    sw $t3, 0($t2)
    li $t4, 12
    add $t3, $t0, $t4
    li $t0, 4
    sw $t0, 0($t3)
    la $s1, str_1
    # Save string param str_1 to $s1
    li $t4, 0
    li $t5, 2
    mul $t0, $t4, $t5
    li $t5, 0
    add $t4, $t0, $t5
    li $t5, 4
    mul $t0, $t4, $t5
    la $t4, matrix
    add $t5, $t4, $t0
    lw $t0, 0($t5)
    move $s2, $t0
    # Save param t10 to $s2
    # Call printf
    li $v0, 11
    li $a0, 109
    syscall
    li $v0, 11
    li $a0, 97
    syscall
    li $v0, 11
    li $a0, 116
    syscall
    li $v0, 11
    li $a0, 114
    syscall
    li $v0, 11
    li $a0, 105
    syscall
    li $v0, 11
    li $a0, 120
    syscall
    li $v0, 11
    li $a0, 91
    syscall
    li $v0, 11
    li $a0, 48
    syscall
    li $v0, 11
    li $a0, 93
    syscall
    li $v0, 11
    li $a0, 91
    syscall
    li $v0, 11
    li $a0, 48
    syscall
    li $v0, 11
    li $a0, 93
    syscall
    li $v0, 11
    li $a0, 32
    syscall
    li $v0, 11
    li $a0, 61
    syscall
    li $v0, 11
    li $a0, 32
    syscall
    # Print integer
    li $v0, 1
    move $a0, $s2
    syscall
    li $v0, 11
    li $a0, 10
    syscall
    la $s3, str_2
    # Save string param str_2 to $s3
    li $t4, 0
    li $t5, 2
    mul $t0, $t4, $t5
    li $t5, 1
    add $t4, $t0, $t5
    li $t5, 4
    mul $t0, $t4, $t5
    la $t4, matrix
    add $t5, $t4, $t0
    lw $t0, 0($t5)
    move $s4, $t0
    # Save param t17 to $s4
    # Call printf
    li $v0, 11
    li $a0, 109
    syscall
    li $v0, 11
    li $a0, 97
    syscall
    li $v0, 11
    li $a0, 116
    syscall
    li $v0, 11
    li $a0, 114
    syscall
    li $v0, 11
    li $a0, 105
    syscall
    li $v0, 11
    li $a0, 120
    syscall
    li $v0, 11
    li $a0, 91
    syscall
    li $v0, 11
    li $a0, 48
    syscall
    li $v0, 11
    li $a0, 93
    syscall
    li $v0, 11
    li $a0, 91
    syscall
    li $v0, 11
    li $a0, 49
    syscall
    li $v0, 11
    li $a0, 93
    syscall
    li $v0, 11
    li $a0, 32
    syscall
    li $v0, 11
    li $a0, 61
    syscall
    li $v0, 11
    li $a0, 32
    syscall
    # Print integer
    li $v0, 1
    move $a0, $s4
    syscall
    li $v0, 11
    li $a0, 10
    syscall
    la $s5, str_3
    # Save string param str_3 to $s5
    li $t4, 1
    li $t5, 2
    mul $t0, $t4, $t5
    li $t5, 0
    add $t4, $t0, $t5
    li $t5, 4
    mul $t0, $t4, $t5
    la $t4, matrix
    add $t5, $t4, $t0
    lw $t0, 0($t5)
    move $s6, $t0
    # Save param t24 to $s6
    # Call printf
    li $v0, 11
    li $a0, 109
    syscall
    li $v0, 11
    li $a0, 97
    syscall
    li $v0, 11
    li $a0, 116
    syscall
    li $v0, 11
    li $a0, 114
    syscall
    li $v0, 11
    li $a0, 105
    syscall
    li $v0, 11
    li $a0, 120
    syscall
    li $v0, 11
    li $a0, 91
    syscall
    li $v0, 11
    li $a0, 49
    syscall
    li $v0, 11
    li $a0, 93
    syscall
    li $v0, 11
    li $a0, 91
    syscall
    li $v0, 11
    li $a0, 48
    syscall
    li $v0, 11
    li $a0, 93
    syscall
    li $v0, 11
    li $a0, 32
    syscall
    li $v0, 11
    li $a0, 61
    syscall
    li $v0, 11
    li $a0, 32
    syscall
    # Print integer
    li $v0, 1
    move $a0, $s6
    syscall
    li $v0, 11
    li $a0, 10
    syscall
    la $s7, str_4
    # Save string param str_4 to $s7
    li $t4, 1
    li $t5, 2
    mul $t0, $t4, $t5
    li $t5, 1
    add $t4, $t0, $t5
    li $t5, 4
    mul $t0, $t4, $t5
    la $t4, matrix
    add $t5, $t4, $t0
    lw $t0, 0($t5)
    move $s0, $t0
    # Save param t31 to $s0
    # Call printf
    li $v0, 11
    li $a0, 109
    syscall
    li $v0, 11
    li $a0, 97
    syscall
    li $v0, 11
    li $a0, 116
    syscall
    li $v0, 11
    li $a0, 114
    syscall
    li $v0, 11
    li $a0, 105
    syscall
    li $v0, 11
    li $a0, 120
    syscall
    li $v0, 11
    li $a0, 91
    syscall
    li $v0, 11
    li $a0, 49
    syscall
    li $v0, 11
    li $a0, 93
    syscall
    li $v0, 11
    li $a0, 91
    syscall
    li $v0, 11
    li $a0, 49
    syscall
    li $v0, 11
    li $a0, 93
    syscall
    li $v0, 11
    li $a0, 32
    syscall
    li $v0, 11
    li $a0, 61
    syscall
    li $v0, 11
    li $a0, 32
    syscall
    # Print integer
    li $v0, 1
    move $a0, $s0
    syscall
    li $v0, 11
    li $a0, 10
    syscall
    la $s1, str_5
    # Save string param str_5 to $s1
    # Call printf
    li $v0, 11
    li $a0, 10
    syscall
    li $v0, 11
    li $a0, 61
    syscall
    li $v0, 11
    li $a0, 61
    syscall
    li $v0, 11
    li $a0, 61
    syscall
    li $v0, 11
    li $a0, 32
    syscall
    li $v0, 11
    li $a0, 84
    syscall
    li $v0, 11
    li $a0, 101
    syscall
    li $v0, 11
    li $a0, 115
    syscall
    li $v0, 11
    li $a0, 116
    syscall
    li $v0, 11
    li $a0, 32
    syscall
    li $v0, 11
    li $a0, 50
    syscall
    li $v0, 11
    li $a0, 58
    syscall
    li $v0, 11
    li $a0, 32
    syscall
    li $v0, 11
    li $a0, 51
    syscall
    li $v0, 11
    li $a0, 120
    syscall
    li $v0, 11
    li $a0, 51
    syscall
    li $v0, 11
    li $a0, 32
    syscall
    li $v0, 11
    li $a0, 77
    syscall
    li $v0, 11
    li $a0, 97
    syscall
    li $v0, 11
    li $a0, 116
    syscall
    li $v0, 11
    li $a0, 114
    syscall
    li $v0, 11
    li $a0, 105
    syscall
    li $v0, 11
    li $a0, 120
    syscall
    li $v0, 11
    li $a0, 32
    syscall
    li $v0, 11
    li $a0, 79
    syscall
    li $v0, 11
    li $a0, 112
    syscall
    li $v0, 11
    li $a0, 101
    syscall
    li $v0, 11
    li $a0, 114
    syscall
    li $v0, 11
    li $a0, 97
    syscall
    li $v0, 11
    li $a0, 116
    syscall
    li $v0, 11
    li $a0, 105
    syscall
    li $v0, 11
    li $a0, 111
    syscall
    li $v0, 11
    li $a0, 110
    syscall
    li $v0, 11
    li $a0, 115
    syscall
    li $v0, 11
    li $a0, 32
    syscall
    li $v0, 11
    li $a0, 61
    syscall
    li $v0, 11
    li $a0, 61
    syscall
    li $v0, 11
    li $a0, 61
    syscall
    li $v0, 11
    li $a0, 10
    syscall
    la $t0, var_a
    li $t4, 1
    sw $t4, 0($t0)
    li $t5, 4
    add $t4, $t0, $t5
    li $t5, 2
    sw $t5, 0($t4)
    li $t6, 8
    add $t5, $t0, $t6
    li $t6, 3
    sw $t6, 0($t5)
    li $t7, 12
    add $t6, $t0, $t7
    li $t7, 4
    sw $t7, 0($t6)
    li $t8, 16
    add $t7, $t0, $t8
    li $t8, 5
    sw $t8, 0($t7)
    li $t9, 20
    add $t8, $t0, $t9
    li $t9, 6
    sw $t9, 0($t8)
    li $s0, 24
    add $t9, $t0, $s0
    li $s0, 7
    sw $s0, 0($t9)
    li $s1, 28
    add $s0, $t0, $s1
    li $s1, 8
    sw $s1, 0($s0)
    li $s2, 32
    add $s1, $t0, $s2
    li $t0, 9
    sw $t0, 0($s1)
    la $s2, str_6
    # Save string param str_6 to $s2
    # Call printf
    li $v0, 11
    li $a0, 79
    syscall
    li $v0, 11
    li $a0, 114
    syscall
    li $v0, 11
    li $a0, 105
    syscall
    li $v0, 11
    li $a0, 103
    syscall
    li $v0, 11
    li $a0, 105
    syscall
    li $v0, 11
    li $a0, 110
    syscall
    li $v0, 11
    li $a0, 97
    syscall
    li $v0, 11
    li $a0, 108
    syscall
    li $v0, 11
    li $a0, 32
    syscall
    li $v0, 11
    li $a0, 77
    syscall
    li $v0, 11
    li $a0, 97
    syscall
    li $v0, 11
    li $a0, 116
    syscall
    li $v0, 11
    li $a0, 114
    syscall
    li $v0, 11
    li $a0, 105
    syscall
    li $v0, 11
    li $a0, 120
    syscall
    li $v0, 11
    li $a0, 58
    syscall
    li $v0, 11
    li $a0, 10
    syscall
    li $t0, 0
    sw $t0, 0($sp)
L0:
    # Reloading i from stack
    lw $s2, 0($sp)
    li $s3, 3
    slt $t0, $s2, $s3
    beq $t0, $zero, L1
    li $t0, 0
    sw $t0, 4($sp)
L3:
    # Reloading j from stack
    lw $s3, 4($sp)
    li $s4, 3
    slt $t0, $s3, $s4
    beq $t0, $zero, L4
    la $s4, str_7
    # Save string param str_7 to $s4
    li $s4, 3
    mul $t0, $s2, $s4
    add $s4, $t0, $s3
    li $s5, 4
    mul $t0, $s4, $s5
    la $s4, var_a
    add $s5, $s4, $t0
    lw $t0, 0($s5)
    move $s5, $t0
    # Save param t51 to $s5
    # Call printf
    # Print integer
    li $v0, 1
    move $a0, $s5
    syscall
    li $v0, 11
    li $a0, 32
    syscall
L5:
    move $t0, $s3
    li $s4, 1
    add $s3, $s3, $s4
    sw $s3, 4($sp)
    j L3
L4:
    la $s6, str_8
    # Save string param str_8 to $s6
    # Call printf
    li $v0, 11
    li $a0, 10
    syscall
L2:
    move $s3, $s2
    li $s4, 1
    add $s2, $s2, $s4
    sw $s2, 0($sp)
    j L0
L1:
    la $s7, str_9
    # Save string param str_9 to $s7
    # Call printf
    li $v0, 11
    li $a0, 10
    syscall
    li $v0, 11
    li $a0, 61
    syscall
    li $v0, 11
    li $a0, 61
    syscall
    li $v0, 11
    li $a0, 61
    syscall
    li $v0, 11
    li $a0, 32
    syscall
    li $v0, 11
    li $a0, 84
    syscall
    li $v0, 11
    li $a0, 101
    syscall
    li $v0, 11
    li $a0, 115
    syscall
    li $v0, 11
    li $a0, 116
    syscall
    li $v0, 11
    li $a0, 32
    syscall
    li $v0, 11
    li $a0, 51
    syscall
    li $v0, 11
    li $a0, 58
    syscall
    li $v0, 11
    li $a0, 32
    syscall
    li $v0, 11
    li $a0, 77
    syscall
    li $v0, 11
    li $a0, 97
    syscall
    li $v0, 11
    li $a0, 116
    syscall
    li $v0, 11
    li $a0, 114
    syscall
    li $v0, 11
    li $a0, 105
    syscall
    li $v0, 11
    li $a0, 120
    syscall
    li $v0, 11
    li $a0, 32
    syscall
    li $v0, 11
    li $a0, 84
    syscall
    li $v0, 11
    li $a0, 114
    syscall
    li $v0, 11
    li $a0, 97
    syscall
    li $v0, 11
    li $a0, 110
    syscall
    li $v0, 11
    li $a0, 115
    syscall
    li $v0, 11
    li $a0, 112
    syscall
    li $v0, 11
    li $a0, 111
    syscall
    li $v0, 11
    li $a0, 115
    syscall
    li $v0, 11
    li $a0, 101
    syscall
    li $v0, 11
    li $a0, 32
    syscall
    li $v0, 11
    li $a0, 61
    syscall
    li $v0, 11
    li $a0, 61
    syscall
    li $v0, 11
    li $a0, 61
    syscall
    li $v0, 11
    li $a0, 10
    syscall
    # Reloading i from stack
    lw $s2, 0($sp)
    li $s2, 0
    sw $s2, 0($sp)
L6:
    # Reloading i from stack
    lw $s4, 0($sp)
    li $s5, 3
    slt $s2, $s4, $s5
    beq $s2, $zero, L7
    # Reloading j from stack
    lw $s2, 4($sp)
    li $s2, 0
    sw $s2, 4($sp)
L9:
    # Reloading j from stack
    lw $s5, 4($sp)
    li $s6, 3
    slt $s2, $s5, $s6
    beq $s2, $zero, L10
    li $s6, 3
    mul $s2, $s4, $s6
    add $s6, $s2, $s5
    li $s7, 4
    mul $s2, $s6, $s7
    la $s6, var_a
    add $s7, $s6, $s2
    lw $s2, 0($s7)
    li $s7, 3
    mul $s6, $s5, $s7
    add $s7, $s6, $s4
    # Spilling t53 to stack
    sw $t0, 8($sp)
    li $t0, 4
    mul $s6, $s7, $t0
    la $t0, var_b
    add $s7, $t0, $s6
    sw $s2, 0($s7)
L11:
    move $t0, $s5
    li $s2, 1
    add $s5, $s5, $s2
    sw $s5, 4($sp)
    j L9
L10:
L8:
    move $s2, $s4
    li $s5, 1
    add $s4, $s4, $s5
    sw $s4, 0($sp)
    j L6
L7:
    la $s4, str_10
    # Save string param str_10 to $s4
    # Call printf
    li $v0, 11
    li $a0, 84
    syscall
    li $v0, 11
    li $a0, 114
    syscall
    li $v0, 11
    li $a0, 97
    syscall
    li $v0, 11
    li $a0, 110
    syscall
    li $v0, 11
    li $a0, 115
    syscall
    li $v0, 11
    li $a0, 112
    syscall
    li $v0, 11
    li $a0, 111
    syscall
    li $v0, 11
    li $a0, 115
    syscall
    li $v0, 11
    li $a0, 101
    syscall
    li $v0, 11
    li $a0, 100
    syscall
    li $v0, 11
    li $a0, 32
    syscall
    li $v0, 11
    li $a0, 77
    syscall
    li $v0, 11
    li $a0, 97
    syscall
    li $v0, 11
    li $a0, 116
    syscall
    li $v0, 11
    li $a0, 114
    syscall
    li $v0, 11
    li $a0, 105
    syscall
    li $v0, 11
    li $a0, 120
    syscall
    li $v0, 11
    li $a0, 58
    syscall
    li $v0, 11
    li $a0, 10
    syscall
    # Reloading i from stack
    lw $s4, 0($sp)
    li $s4, 0
    sw $s4, 0($sp)
L12:
    # Reloading i from stack
    lw $s5, 0($sp)
    li $s6, 3
    slt $s4, $s5, $s6
    beq $s4, $zero, L13
    # Reloading j from stack
    lw $s4, 4($sp)
    li $s4, 0
    sw $s4, 4($sp)
L15:
    # Reloading j from stack
    lw $s6, 4($sp)
    # Spilling t70 to stack
    sw $t0, 12($sp)
    li $t0, 3
    slt $s4, $s6, $t0
    beq $s4, $zero, L16
    la $s4, str_7
    # Save string param str_7 to $s4
    li $s4, 3
    mul $t0, $s5, $s4
    add $s4, $t0, $s6
    # Spilling t69 to stack
    sw $s7, 16($sp)
    li $s7, 4
    mul $t0, $s4, $s7
    la $s4, var_b
    add $s7, $s4, $t0
    lw $t0, 0($s7)
    move $s7, $t0
    # Save param t80 to $s7
    # Call printf
    # Print integer
    li $v0, 1
    move $a0, $s7
    syscall
    li $v0, 11
    li $a0, 32
    syscall
L17:
    move $t0, $s6
    li $s4, 1
    add $s6, $s6, $s4
    sw $s6, 4($sp)
    j L15
L16:
    la $s4, str_8
    # Save string param str_8 to $s4
    # Call printf
    li $v0, 11
    li $a0, 10
    syscall
L14:
    move $s4, $s5
    li $s6, 1
    add $s5, $s5, $s6
    sw $s5, 0($sp)
    j L12
L13:
    la $s5, str_11
    # Save string param str_11 to $s5
    # Call printf
    li $v0, 11
    li $a0, 10
    syscall
    li $v0, 11
    li $a0, 61
    syscall
    li $v0, 11
    li $a0, 61
    syscall
    li $v0, 11
    li $a0, 61
    syscall
    li $v0, 11
    li $a0, 32
    syscall
    li $v0, 11
    li $a0, 84
    syscall
    li $v0, 11
    li $a0, 101
    syscall
    li $v0, 11
    li $a0, 115
    syscall
    li $v0, 11
    li $a0, 116
    syscall
    li $v0, 11
    li $a0, 32
    syscall
    li $v0, 11
    li $a0, 52
    syscall
    li $v0, 11
    li $a0, 58
    syscall
    li $v0, 11
    li $a0, 32
    syscall
    li $v0, 11
    li $a0, 83
    syscall
    li $v0, 11
    li $a0, 117
    syscall
    li $v0, 11
    li $a0, 109
    syscall
    li $v0, 11
    li $a0, 32
    syscall
    li $v0, 11
    li $a0, 111
    syscall
    li $v0, 11
    li $a0, 102
    syscall
    li $v0, 11
    li $a0, 32
    syscall
    li $v0, 11
    li $a0, 65
    syscall
    li $v0, 11
    li $a0, 108
    syscall
    li $v0, 11
    li $a0, 108
    syscall
    li $v0, 11
    li $a0, 32
    syscall
    li $v0, 11
    li $a0, 69
    syscall
    li $v0, 11
    li $a0, 108
    syscall
    li $v0, 11
    li $a0, 101
    syscall
    li $v0, 11
    li $a0, 109
    syscall
    li $v0, 11
    li $a0, 101
    syscall
    li $v0, 11
    li $a0, 110
    syscall
    li $v0, 11
    li $a0, 116
    syscall
    li $v0, 11
    li $a0, 115
    syscall
    li $v0, 11
    li $a0, 32
    syscall
    li $v0, 11
    li $a0, 61
    syscall
    li $v0, 11
    li $a0, 61
    syscall
    li $v0, 11
    li $a0, 61
    syscall
    li $v0, 11
    li $a0, 10
    syscall
    li $s5, 0
    sw $s5, 20($sp)
    # Reloading i from stack
    lw $s5, 0($sp)
    li $s5, 0
    sw $s5, 0($sp)
L18:
    # Reloading i from stack
    lw $s6, 0($sp)
    li $s7, 3
    slt $s5, $s6, $s7
    beq $s5, $zero, L19
    # Reloading j from stack
    lw $s5, 4($sp)
    li $s5, 0
    sw $s5, 4($sp)
L21:
    # Reloading j from stack
    lw $s7, 4($sp)
    # Spilling t84 to stack
    sw $s4, 24($sp)
    li $s4, 3
    slt $s5, $s7, $s4
    beq $s5, $zero, L22
    li $s5, 3
    mul $s4, $s6, $s5
    add $s5, $s4, $s7
    # Spilling t82 to stack
    sw $t0, 28($sp)
    li $t0, 4
    mul $s4, $s5, $t0
    la $t0, var_a
    add $s5, $t0, $s4
    lw $t0, 0($s5)
    # Reloading sum from stack
    lw $s5, 20($sp)
    add $s4, $s5, $t0
    move $s5, $s4
    sw $s5, 20($sp)
L23:
    move $t0, $s7
    li $s4, 1
    add $s7, $s7, $s4
    sw $s7, 4($sp)
    j L21
L22:
L20:
    move $s4, $s6
    li $s5, 1
    add $s6, $s6, $s5
    sw $s6, 0($sp)
    j L18
L19:
    la $s6, str_12
    # Save string param str_12 to $s6
    # Reloading sum from stack
    lw $s5, 20($sp)
    move $s7, $s5
    # Save param sum to $s7
    # Call printf
    li $v0, 11
    li $a0, 84
    syscall
    li $v0, 11
    li $a0, 111
    syscall
    li $v0, 11
    li $a0, 116
    syscall
    li $v0, 11
    li $a0, 97
    syscall
    li $v0, 11
    li $a0, 108
    syscall
    li $v0, 11
    li $a0, 32
    syscall
    li $v0, 11
    li $a0, 115
    syscall
    li $v0, 11
    li $a0, 117
    syscall
    li $v0, 11
    li $a0, 109
    syscall
    li $v0, 11
    li $a0, 58
    syscall
    li $v0, 11
    li $a0, 32
    syscall
    # Print integer
    li $v0, 1
    move $a0, $s7
    syscall
    li $v0, 11
    li $a0, 10
    syscall
    la $s6, str_13
    # Save string param str_13 to $s6
    # Call printf
    li $v0, 11
    li $a0, 10
    syscall
    li $v0, 11
    li $a0, 61
    syscall
    li $v0, 11
    li $a0, 61
    syscall
    li $v0, 11
    li $a0, 61
    syscall
    li $v0, 11
    li $a0, 32
    syscall
    li $v0, 11
    li $a0, 84
    syscall
    li $v0, 11
    li $a0, 101
    syscall
    li $v0, 11
    li $a0, 115
    syscall
    li $v0, 11
    li $a0, 116
    syscall
    li $v0, 11
    li $a0, 32
    syscall
    li $v0, 11
    li $a0, 53
    syscall
    li $v0, 11
    li $a0, 58
    syscall
    li $v0, 11
    li $a0, 32
    syscall
    li $v0, 11
    li $a0, 82
    syscall
    li $v0, 11
    li $a0, 111
    syscall
    li $v0, 11
    li $a0, 119
    syscall
    li $v0, 11
    li $a0, 32
    syscall
    li $v0, 11
    li $a0, 83
    syscall
    li $v0, 11
    li $a0, 117
    syscall
    li $v0, 11
    li $a0, 109
    syscall
    li $v0, 11
    li $a0, 115
    syscall
    li $v0, 11
    li $a0, 32
    syscall
    li $v0, 11
    li $a0, 61
    syscall
    li $v0, 11
    li $a0, 61
    syscall
    li $v0, 11
    li $a0, 61
    syscall
    li $v0, 11
    li $a0, 10
    syscall
    # Reloading i from stack
    lw $s6, 0($sp)
    li $s6, 0
    sw $s6, 0($sp)
L24:
    # Reloading i from stack
    lw $s7, 0($sp)
    # Spilling sum to stack
    sw $s5, 32($sp)
    li $s5, 3
    slt $s6, $s7, $s5
    beq $s6, $zero, L25
    li $s5, 0
    sw $s5, 36($sp)
    # Reloading j from stack
    lw $s5, 4($sp)
    li $s5, 0
    sw $s5, 4($sp)
L27:
    # Reloading j from stack
    lw $s6, 4($sp)
    # Spilling t96 to stack
    sw $s4, 40($sp)
    li $s4, 3
    slt $s5, $s6, $s4
    beq $s5, $zero, L28
    li $s5, 3
    mul $s4, $s7, $s5
    add $s5, $s4, $s6
    # Spilling t95 to stack
    sw $t0, 44($sp)
    li $t0, 4
    mul $s4, $s5, $t0
    la $t0, var_a
    add $s5, $t0, $s4
    lw $t0, 0($s5)
    # Reloading row_sum from stack
    lw $s5, 36($sp)
    add $s4, $s5, $t0
    move $s5, $s4
    sw $s5, 36($sp)
L29:
    move $t0, $s6
    li $s4, 1
    add $s6, $s6, $s4
    sw $s6, 4($sp)
    j L27
L28:
    la $s4, str_14
    # Save string param str_14 to $s4
    move $s5, $s7
    # Save param i to $s5
    # Reloading row_sum from stack
    lw $s4, 36($sp)
    move $s6, $s4
    # Save param row_sum to $s6
    # Call printf
    li $v0, 11
    li $a0, 82
    syscall
    li $v0, 11
    li $a0, 111
    syscall
    li $v0, 11
    li $a0, 119
    syscall
    li $v0, 11
    li $a0, 32
    syscall
    # Print integer
    li $v0, 1
    move $a0, $s5
    syscall
    li $v0, 11
    li $a0, 32
    syscall
    li $v0, 11
    li $a0, 115
    syscall
    li $v0, 11
    li $a0, 117
    syscall
    li $v0, 11
    li $a0, 109
    syscall
    li $v0, 11
    li $a0, 58
    syscall
    li $v0, 11
    li $a0, 32
    syscall
    # Print integer
    li $v0, 1
    move $a0, $s6
    syscall
    li $v0, 11
    li $a0, 10
    syscall
L26:
    move $s5, $s7
    li $s6, 1
    add $s7, $s7, $s6
    sw $s7, 0($sp)
    j L24
L25:
    la $s7, str_15
    # Save string param str_15 to $s7
    # Call printf
    li $v0, 11
    li $a0, 10
    syscall
    li $v0, 11
    li $a0, 61
    syscall
    li $v0, 11
    li $a0, 61
    syscall
    li $v0, 11
    li $a0, 61
    syscall
    li $v0, 11
    li $a0, 32
    syscall
    li $v0, 11
    li $a0, 84
    syscall
    li $v0, 11
    li $a0, 101
    syscall
    li $v0, 11
    li $a0, 115
    syscall
    li $v0, 11
    li $a0, 116
    syscall
    li $v0, 11
    li $a0, 32
    syscall
    li $v0, 11
    li $a0, 54
    syscall
    li $v0, 11
    li $a0, 58
    syscall
    li $v0, 11
    li $a0, 32
    syscall
    li $v0, 11
    li $a0, 67
    syscall
    li $v0, 11
    li $a0, 111
    syscall
    li $v0, 11
    li $a0, 108
    syscall
    li $v0, 11
    li $a0, 117
    syscall
    li $v0, 11
    li $a0, 109
    syscall
    li $v0, 11
    li $a0, 110
    syscall
    li $v0, 11
    li $a0, 32
    syscall
    li $v0, 11
    li $a0, 83
    syscall
    li $v0, 11
    li $a0, 117
    syscall
    li $v0, 11
    li $a0, 109
    syscall
    li $v0, 11
    li $a0, 115
    syscall
    li $v0, 11
    li $a0, 32
    syscall
    li $v0, 11
    li $a0, 61
    syscall
    li $v0, 11
    li $a0, 61
    syscall
    li $v0, 11
    li $a0, 61
    syscall
    li $v0, 11
    li $a0, 10
    syscall
    # Reloading j from stack
    lw $s6, 4($sp)
    li $s6, 0
    sw $s6, 4($sp)
L30:
    # Reloading j from stack
    lw $s7, 4($sp)
    # Spilling t110 to stack
    sw $s5, 48($sp)
    li $s5, 3
    slt $s6, $s7, $s5
    beq $s6, $zero, L31
    li $s5, 0
    sw $s5, 52($sp)
    # Reloading i from stack
    lw $s5, 0($sp)
    li $s5, 0
    sw $s5, 0($sp)
L33:
    # Reloading i from stack
    lw $s6, 0($sp)
    # Spilling row_sum to stack
    sw $s4, 56($sp)
    li $s4, 3
    slt $s5, $s6, $s4
    beq $s5, $zero, L34
    li $s5, 3
    mul $s4, $s6, $s5
    add $s5, $s4, $s7
    # Spilling t108 to stack
    sw $t0, 60($sp)
    li $t0, 4
    mul $s4, $s5, $t0
    la $t0, var_a
    add $s5, $t0, $s4
    lw $t0, 0($s5)
    # Reloading col_sum from stack
    lw $s5, 52($sp)
    add $s4, $s5, $t0
    move $s5, $s4
    sw $s5, 52($sp)
L35:
    move $t0, $s6
    li $s4, 1
    add $s6, $s6, $s4
    sw $s6, 0($sp)
    j L33
L34:
    la $s4, str_16
    # Save string param str_16 to $s4
    move $s5, $s7
    # Save param j to $s5
    # Reloading col_sum from stack
    lw $s4, 52($sp)
    move $s6, $s4
    # Save param col_sum to $s6
    # Call printf
    li $v0, 11
    li $a0, 67
    syscall
    li $v0, 11
    li $a0, 111
    syscall
    li $v0, 11
    li $a0, 108
    syscall
    li $v0, 11
    li $a0, 117
    syscall
    li $v0, 11
    li $a0, 109
    syscall
    li $v0, 11
    li $a0, 110
    syscall
    li $v0, 11
    li $a0, 32
    syscall
    # Print integer
    li $v0, 1
    move $a0, $s5
    syscall
    li $v0, 11
    li $a0, 32
    syscall
    li $v0, 11
    li $a0, 115
    syscall
    li $v0, 11
    li $a0, 117
    syscall
    li $v0, 11
    li $a0, 109
    syscall
    li $v0, 11
    li $a0, 58
    syscall
    li $v0, 11
    li $a0, 32
    syscall
    # Print integer
    li $v0, 1
    move $a0, $s6
    syscall
    li $v0, 11
    li $a0, 10
    syscall
L32:
    move $s5, $s7
    li $s6, 1
    add $s7, $s7, $s6
    sw $s7, 4($sp)
    j L30
L31:
    la $s7, str_17
    # Save string param str_17 to $s7
    # Call printf
    li $v0, 11
    li $a0, 10
    syscall
    li $v0, 11
    li $a0, 61
    syscall
    li $v0, 11
    li $a0, 61
    syscall
    li $v0, 11
    li $a0, 61
    syscall
    li $v0, 11
    li $a0, 32
    syscall
    li $v0, 11
    li $a0, 84
    syscall
    li $v0, 11
    li $a0, 101
    syscall
    li $v0, 11
    li $a0, 115
    syscall
    li $v0, 11
    li $a0, 116
    syscall
    li $v0, 11
    li $a0, 32
    syscall
    li $v0, 11
    li $a0, 55
    syscall
    li $v0, 11
    li $a0, 58
    syscall
    li $v0, 11
    li $a0, 32
    syscall
    li $v0, 11
    li $a0, 68
    syscall
    li $v0, 11
    li $a0, 105
    syscall
    li $v0, 11
    li $a0, 97
    syscall
    li $v0, 11
    li $a0, 103
    syscall
    li $v0, 11
    li $a0, 111
    syscall
    li $v0, 11
    li $a0, 110
    syscall
    li $v0, 11
    li $a0, 97
    syscall
    li $v0, 11
    li $a0, 108
    syscall
    li $v0, 11
    li $a0, 32
    syscall
    li $v0, 11
    li $a0, 69
    syscall
    li $v0, 11
    li $a0, 108
    syscall
    li $v0, 11
    li $a0, 101
    syscall
    li $v0, 11
    li $a0, 109
    syscall
    li $v0, 11
    li $a0, 101
    syscall
    li $v0, 11
    li $a0, 110
    syscall
    li $v0, 11
    li $a0, 116
    syscall
    li $v0, 11
    li $a0, 115
    syscall
    li $v0, 11
    li $a0, 32
    syscall
    li $v0, 11
    li $a0, 61
    syscall
    li $v0, 11
    li $a0, 61
    syscall
    li $v0, 11
    li $a0, 61
    syscall
    li $v0, 11
    li $a0, 10
    syscall
    la $s6, str_18
    # Save string param str_18 to $s6
    # Call printf
    li $v0, 11
    li $a0, 77
    syscall
    li $v0, 11
    li $a0, 97
    syscall
    li $v0, 11
    li $a0, 105
    syscall
    li $v0, 11
    li $a0, 110
    syscall
    li $v0, 11
    li $a0, 32
    syscall
    li $v0, 11
    li $a0, 100
    syscall
    li $v0, 11
    li $a0, 105
    syscall
    li $v0, 11
    li $a0, 97
    syscall
    li $v0, 11
    li $a0, 103
    syscall
    li $v0, 11
    li $a0, 111
    syscall
    li $v0, 11
    li $a0, 110
    syscall
    li $v0, 11
    li $a0, 97
    syscall
    li $v0, 11
    li $a0, 108
    syscall
    li $v0, 11
    li $a0, 58
    syscall
    li $v0, 11
    li $a0, 32
    syscall
    # Reloading i from stack
    lw $s6, 0($sp)
    li $s6, 0
    sw $s6, 0($sp)
L36:
    # Reloading i from stack
    lw $s7, 0($sp)
    # Spilling t123 to stack
    sw $s5, 64($sp)
    li $s5, 3
    slt $s6, $s7, $s5
    beq $s6, $zero, L37
    la $s5, str_7
    # Save string param str_7 to $s5
    li $s6, 3
    mul $s5, $s7, $s6
    add $s6, $s5, $s7
    # Spilling col_sum to stack
    sw $s4, 68($sp)
    li $s4, 4
    mul $s5, $s6, $s4
    la $s4, var_a
    add $s6, $s4, $s5
    lw $s4, 0($s6)
    move $s6, $s4
    # Save param t132 to $s6
    # Call printf
    # Print integer
    li $v0, 1
    move $a0, $s6
    syscall
    li $v0, 11
    li $a0, 32
    syscall
L38:
    move $s4, $s7
    li $s5, 1
    add $s7, $s7, $s5
    sw $s7, 0($sp)
    j L36
L37:
    la $s7, str_8
    # Save string param str_8 to $s7
    # Call printf
    li $v0, 11
    li $a0, 10
    syscall
    la $s5, str_19
    # Save string param str_19 to $s5
    # Call printf
    li $v0, 11
    li $a0, 65
    syscall
    li $v0, 11
    li $a0, 110
    syscall
    li $v0, 11
    li $a0, 116
    syscall
    li $v0, 11
    li $a0, 105
    syscall
    li $v0, 11
    li $a0, 45
    syscall
    li $v0, 11
    li $a0, 100
    syscall
    li $v0, 11
    li $a0, 105
    syscall
    li $v0, 11
    li $a0, 97
    syscall
    li $v0, 11
    li $a0, 103
    syscall
    li $v0, 11
    li $a0, 111
    syscall
    li $v0, 11
    li $a0, 110
    syscall
    li $v0, 11
    li $a0, 97
    syscall
    li $v0, 11
    li $a0, 108
    syscall
    li $v0, 11
    li $a0, 58
    syscall
    li $v0, 11
    li $a0, 32
    syscall
    # Reloading i from stack
    lw $s5, 0($sp)
    li $s5, 0
    sw $s5, 0($sp)
L39:
    # Reloading i from stack
    lw $s6, 0($sp)
    li $s7, 3
    slt $s5, $s6, $s7
    beq $s5, $zero, L40
    la $s7, str_7
    # Save string param str_7 to $s7
    li $s7, 2
    sub $s5, $s7, $s6
    # Spilling t134 to stack
    sw $s4, 72($sp)
    li $s4, 3
    mul $s7, $s6, $s4
    add $s4, $s7, $s5
    li $s7, 4
    mul $s5, $s4, $s7
    la $s4, var_a
    add $s7, $s4, $s5
    lw $s4, 0($s7)
    move $s5, $s4
    # Save param t144 to $s5
    # Call printf
    # Print integer
    li $v0, 1
    move $a0, $s5
    syscall
    li $v0, 11
    li $a0, 32
    syscall
L41:
    move $s4, $s6
    li $s5, 1
    add $s6, $s6, $s5
    sw $s6, 0($sp)
    j L39
L40:
    la $s6, str_8
    # Save string param str_8 to $s6
    # Call printf
    li $v0, 11
    li $a0, 10
    syscall
    la $s7, str_20
    # Save string param str_20 to $s7
    # Call printf
    li $v0, 11
    li $a0, 10
    syscall
    li $v0, 11
    li $a0, 61
    syscall
    li $v0, 11
    li $a0, 61
    syscall
    li $v0, 11
    li $a0, 61
    syscall
    li $v0, 11
    li $a0, 32
    syscall
    li $v0, 11
    li $a0, 84
    syscall
    li $v0, 11
    li $a0, 101
    syscall
    li $v0, 11
    li $a0, 115
    syscall
    li $v0, 11
    li $a0, 116
    syscall
    li $v0, 11
    li $a0, 32
    syscall
    li $v0, 11
    li $a0, 56
    syscall
    li $v0, 11
    li $a0, 58
    syscall
    li $v0, 11
    li $a0, 32
    syscall
    li $v0, 11
    li $a0, 65
    syscall
    li $v0, 11
    li $a0, 114
    syscall
    li $v0, 11
    li $a0, 114
    syscall
    li $v0, 11
    li $a0, 97
    syscall
    li $v0, 11
    li $a0, 121
    syscall
    li $v0, 11
    li $a0, 32
    syscall
    li $v0, 11
    li $a0, 67
    syscall
    li $v0, 11
    li $a0, 111
    syscall
    li $v0, 11
    li $a0, 112
    syscall
    li $v0, 11
    li $a0, 121
    syscall
    li $v0, 11
    li $a0, 32
    syscall
    li $v0, 11
    li $a0, 61
    syscall
    li $v0, 11
    li $a0, 61
    syscall
    li $v0, 11
    li $a0, 61
    syscall
    li $v0, 11
    li $a0, 10
    syscall
    # Reloading i from stack
    lw $s5, 0($sp)
    li $s5, 0
    sw $s5, 0($sp)
L42:
    # Reloading i from stack
    lw $s6, 0($sp)
    li $s7, 3
    slt $s5, $s6, $s7
    beq $s5, $zero, L43
    # Reloading j from stack
    lw $s5, 4($sp)
    li $s5, 0
    sw $s5, 4($sp)
L45:
    # Reloading j from stack
    lw $s7, 4($sp)
    # Spilling t146 to stack
    sw $s4, 76($sp)
    li $s4, 3
    slt $s5, $s7, $s4
    beq $s5, $zero, L46
    li $s5, 3
    mul $s4, $s6, $s5
    add $s5, $s4, $s7
    # Spilling t121 to stack
    sw $t0, 80($sp)
    li $t0, 4
    mul $s4, $s5, $t0
    la $t0, var_a
    add $s5, $t0, $s4
    lw $t0, 0($s5)
    li $s5, 3
    mul $s4, $s6, $s5
    add $s5, $s4, $s7
    # Spilling t2 to stack
    sw $t1, 84($sp)
    li $t1, 4
    mul $s4, $s5, $t1
    la $t1, var_c
    add $s5, $t1, $s4
    sw $t0, 0($s5)
L47:
    move $t0, $s7
    li $t1, 1
    add $s7, $s7, $t1
    sw $s7, 4($sp)
    j L45
L46:
L44:
    move $t1, $s6
    li $s4, 1
    add $s6, $s6, $s4
    sw $s6, 0($sp)
    j L42
L43:
    la $s4, str_21
    # Save string param str_21 to $s4
    # Call printf
    li $v0, 11
    li $a0, 67
    syscall
    li $v0, 11
    li $a0, 111
    syscall
    li $v0, 11
    li $a0, 112
    syscall
    li $v0, 11
    li $a0, 105
    syscall
    li $v0, 11
    li $a0, 101
    syscall
    li $v0, 11
    li $a0, 100
    syscall
    li $v0, 11
    li $a0, 32
    syscall
    li $v0, 11
    li $a0, 97
    syscall
    li $v0, 11
    li $a0, 114
    syscall
    li $v0, 11
    li $a0, 114
    syscall
    li $v0, 11
    li $a0, 97
    syscall
    li $v0, 11
    li $a0, 121
    syscall
    li $v0, 11
    li $a0, 58
    syscall
    li $v0, 11
    li $a0, 10
    syscall
    # Reloading i from stack
    lw $s4, 0($sp)
    li $s4, 0
    sw $s4, 0($sp)
L48:
    # Reloading i from stack
    lw $s6, 0($sp)
    li $s7, 3
    slt $s4, $s6, $s7
    beq $s4, $zero, L49
    # Reloading j from stack
    lw $s4, 4($sp)
    li $s4, 0
    sw $s4, 4($sp)
L51:
    # Reloading j from stack
    lw $s7, 4($sp)
    # Spilling t163 to stack
    sw $t1, 88($sp)
    li $t1, 3
    slt $s4, $s7, $t1
    beq $s4, $zero, L52
    la $s4, str_7
    # Save string param str_7 to $s4
    li $s4, 3
    mul $t1, $s6, $s4
    add $s4, $t1, $s7
    # Spilling t162 to stack
    sw $t0, 92($sp)
    li $t0, 4
    mul $t1, $s4, $t0
    la $t0, var_c
    add $s4, $t0, $t1
    lw $t0, 0($s4)
    move $s4, $t0
    # Save param t172 to $s4
    # Call printf
    # Print integer
    li $v0, 1
    move $a0, $s4
    syscall
    li $v0, 11
    li $a0, 32
    syscall
L53:
    move $t0, $s7
    li $t1, 1
    add $s7, $s7, $t1
    sw $s7, 4($sp)
    j L51
L52:
    la $s7, str_8
    # Save string param str_8 to $s7
    # Call printf
    li $v0, 11
    li $a0, 10
    syscall
L50:
    move $t1, $s6
    li $s4, 1
    add $s6, $s6, $s4
    sw $s6, 0($sp)
    j L48
L49:
    la $s4, str_22
    # Save string param str_22 to $s4
    # Call printf
    li $v0, 11
    li $a0, 10
    syscall
    li $v0, 11
    li $a0, 61
    syscall
    li $v0, 11
    li $a0, 61
    syscall
    li $v0, 11
    li $a0, 61
    syscall
    li $v0, 11
    li $a0, 32
    syscall
    li $v0, 11
    li $a0, 84
    syscall
    li $v0, 11
    li $a0, 101
    syscall
    li $v0, 11
    li $a0, 115
    syscall
    li $v0, 11
    li $a0, 116
    syscall
    li $v0, 11
    li $a0, 32
    syscall
    li $v0, 11
    li $a0, 49
    syscall
    li $v0, 11
    li $a0, 49
    syscall
    li $v0, 11
    li $a0, 58
    syscall
    li $v0, 11
    li $a0, 32
    syscall
    li $v0, 11
    li $a0, 83
    syscall
    li $v0, 11
    li $a0, 99
    syscall
    li $v0, 11
    li $a0, 97
    syscall
    li $v0, 11
    li $a0, 108
    syscall
    li $v0, 11
    li $a0, 97
    syscall
    li $v0, 11
    li $a0, 114
    syscall
    li $v0, 11
    li $a0, 32
    syscall
    li $v0, 11
    li $a0, 77
    syscall
    li $v0, 11
    li $a0, 117
    syscall
    li $v0, 11
    li $a0, 108
    syscall
    li $v0, 11
    li $a0, 116
    syscall
    li $v0, 11
    li $a0, 105
    syscall
    li $v0, 11
    li $a0, 112
    syscall
    li $v0, 11
    li $a0, 108
    syscall
    li $v0, 11
    li $a0, 105
    syscall
    li $v0, 11
    li $a0, 99
    syscall
    li $v0, 11
    li $a0, 97
    syscall
    li $v0, 11
    li $a0, 116
    syscall
    li $v0, 11
    li $a0, 105
    syscall
    li $v0, 11
    li $a0, 111
    syscall
    li $v0, 11
    li $a0, 110
    syscall
    li $v0, 11
    li $a0, 32
    syscall
    li $v0, 11
    li $a0, 61
    syscall
    li $v0, 11
    li $a0, 61
    syscall
    li $v0, 11
    li $a0, 61
    syscall
    li $v0, 11
    li $a0, 10
    syscall
    li $s4, 2
    sw $s4, 96($sp)
    la $s6, str_23
    # Save string param str_23 to $s6
    # Reloading scalar from stack
    lw $s4, 96($sp)
    move $s7, $s4
    # Save param scalar to $s7
    # Call printf
    li $v0, 11
    li $a0, 77
    syscall
    li $v0, 11
    li $a0, 117
    syscall
    li $v0, 11
    li $a0, 108
    syscall
    li $v0, 11
    li $a0, 116
    syscall
    li $v0, 11
    li $a0, 105
    syscall
    li $v0, 11
    li $a0, 112
    syscall
    li $v0, 11
    li $a0, 108
    syscall
    li $v0, 11
    li $a0, 121
    syscall
    li $v0, 11
    li $a0, 32
    syscall
    li $v0, 11
    li $a0, 98
    syscall
    li $v0, 11
    li $a0, 121
    syscall
    li $v0, 11
    li $a0, 32
    syscall
    # Print integer
    li $v0, 1
    move $a0, $s7
    syscall
    li $v0, 11
    li $a0, 58
    syscall
    li $v0, 11
    li $a0, 10
    syscall
    # Reloading i from stack
    lw $s6, 0($sp)
    li $s6, 0
    sw $s6, 0($sp)
L54:
    # Reloading i from stack
    lw $s7, 0($sp)
    # Spilling t176 to stack
    sw $t1, 100($sp)
    li $t1, 3
    slt $s6, $s7, $t1
    beq $s6, $zero, L55
    # Reloading j from stack
    lw $t1, 4($sp)
    li $t1, 0
    sw $t1, 4($sp)
L57:
    # Reloading j from stack
    lw $s6, 4($sp)
    # Spilling t174 to stack
    sw $t0, 104($sp)
    li $t0, 3
    slt $t1, $s6, $t0
    beq $t1, $zero, L58
    la $s0, str_7
    # Save string param str_7 to $s0
    li $t1, 3
    mul $t0, $s7, $t1
    add $t1, $t0, $s6
    # Spilling t161 to stack
    sw $s5, 108($sp)
    li $s5, 4
    mul $t0, $t1, $s5
    la $t1, var_a
    add $s5, $t1, $t0
    lw $t0, 0($s5)
    mul $t1, $t0, $s4
    move $s5, $t1
    # Save param t187 to $s5
    # Call printf
    # Print integer
    li $v0, 1
    move $a0, $s5
    syscall
    li $v0, 11
    li $a0, 32
    syscall
L59:
    move $t0, $s6
    li $t1, 1
    add $s6, $s6, $t1
    sw $s6, 4($sp)
    j L57
L58:
    la $s6, str_8
    # Save string param str_8 to $s6
    # Call printf
    li $v0, 11
    li $a0, 10
    syscall
L56:
    move $t1, $s7
    li $s5, 1
    add $s7, $s7, $s5
    sw $s7, 0($sp)
    j L54
L55:
    la $s7, str_24
    # Save string param str_24 to $s7
    # Call printf
    li $v0, 11
    li $a0, 10
    syscall
    li $v0, 11
    li $a0, 61
    syscall
    li $v0, 11
    li $a0, 61
    syscall
    li $v0, 11
    li $a0, 61
    syscall
    li $v0, 11
    li $a0, 32
    syscall
    li $v0, 11
    li $a0, 84
    syscall
    li $v0, 11
    li $a0, 101
    syscall
    li $v0, 11
    li $a0, 115
    syscall
    li $v0, 11
    li $a0, 116
    syscall
    li $v0, 11
    li $a0, 32
    syscall
    li $v0, 11
    li $a0, 49
    syscall
    li $v0, 11
    li $a0, 48
    syscall
    li $v0, 11
    li $a0, 58
    syscall
    li $v0, 11
    li $a0, 32
    syscall
    li $v0, 11
    li $a0, 80
    syscall
    li $v0, 11
    li $a0, 97
    syscall
    li $v0, 11
    li $a0, 116
    syscall
    li $v0, 11
    li $a0, 116
    syscall
    li $v0, 11
    li $a0, 101
    syscall
    li $v0, 11
    li $a0, 114
    syscall
    li $v0, 11
    li $a0, 110
    syscall
    li $v0, 11
    li $a0, 32
    syscall
    li $v0, 11
    li $a0, 71
    syscall
    li $v0, 11
    li $a0, 101
    syscall
    li $v0, 11
    li $a0, 110
    syscall
    li $v0, 11
    li $a0, 101
    syscall
    li $v0, 11
    li $a0, 114
    syscall
    li $v0, 11
    li $a0, 97
    syscall
    li $v0, 11
    li $a0, 116
    syscall
    li $v0, 11
    li $a0, 105
    syscall
    li $v0, 11
    li $a0, 111
    syscall
    li $v0, 11
    li $a0, 110
    syscall
    li $v0, 11
    li $a0, 32
    syscall
    li $v0, 11
    li $a0, 61
    syscall
    li $v0, 11
    li $a0, 61
    syscall
    li $v0, 11
    li $a0, 61
    syscall
    li $v0, 11
    li $a0, 10
    syscall
    # Reloading i from stack
    lw $s5, 0($sp)
    li $s5, 0
    sw $s5, 0($sp)
L60:
    # Reloading i from stack
    lw $s6, 0($sp)
    li $s7, 4
    slt $s5, $s6, $s7
    beq $s5, $zero, L61
    # Reloading j from stack
    lw $s5, 4($sp)
    li $s5, 0
    sw $s5, 4($sp)
L63:
    # Reloading j from stack
    lw $s7, 4($sp)
    # Spilling t191 to stack
    sw $t1, 112($sp)
    li $t1, 4
    slt $s5, $s7, $t1
    beq $s5, $zero, L64
    add $t1, $s6, $s7
    # Spilling t189 to stack
    sw $t0, 116($sp)
    li $t0, 4
    mul $s5, $s6, $t0
    add $t0, $s5, $s7
    # Spilling scalar to stack
    sw $s4, 120($sp)
    li $s4, 4
    mul $s5, $t0, $s4
    la $t0, pattern
    add $s4, $t0, $s5
    sw $t1, 0($s4)
L65:
    move $t0, $s7
    li $t1, 1
    add $s7, $s7, $t1
    sw $s7, 4($sp)
    j L63
L64:
L62:
    move $t1, $s6
    li $s5, 1
    add $s6, $s6, $s5
    sw $s6, 0($sp)
    j L60
L61:
    la $s5, str_25
    # Save string param str_25 to $s5
    # Call printf
    li $v0, 11
    li $a0, 80
    syscall
    li $v0, 11
    li $a0, 97
    syscall
    li $v0, 11
    li $a0, 116
    syscall
    li $v0, 11
    li $a0, 116
    syscall
    li $v0, 11
    li $a0, 101
    syscall
    li $v0, 11
    li $a0, 114
    syscall
    li $v0, 11
    li $a0, 110
    syscall
    li $v0, 11
    li $a0, 32
    syscall
    li $v0, 11
    li $a0, 40
    syscall
    li $v0, 11
    li $a0, 105
    syscall
    li $v0, 11
    li $a0, 43
    syscall
    li $v0, 11
    li $a0, 106
    syscall
    li $v0, 11
    li $a0, 41
    syscall
    li $v0, 11
    li $a0, 58
    syscall
    li $v0, 11
    li $a0, 10
    syscall
    # Reloading i from stack
    lw $s5, 0($sp)
    li $s5, 0
    sw $s5, 0($sp)
L66:
    # Reloading i from stack
    lw $s6, 0($sp)
    li $s7, 4
    slt $s5, $s6, $s7
    beq $s5, $zero, L67
    # Reloading j from stack
    lw $s5, 4($sp)
    li $s5, 0
    sw $s5, 4($sp)
L69:
    # Reloading j from stack
    lw $s7, 4($sp)
    # Spilling t202 to stack
    sw $t1, 124($sp)
    li $t1, 4
    slt $s5, $s7, $t1
    beq $s5, $zero, L70
    la $s5, str_7
    # Save string param str_7 to $s5
    li $s5, 4
    mul $t1, $s6, $s5
    add $s5, $t1, $s7
    # Spilling t201 to stack
    sw $t0, 128($sp)
    li $t0, 4
    mul $t1, $s5, $t0
    la $t0, pattern
    add $s5, $t0, $t1
    lw $t0, 0($s5)
    move $s5, $t0
    # Save param t211 to $s5
    # Call printf
    # Print integer
    li $v0, 1
    move $a0, $s5
    syscall
    li $v0, 11
    li $a0, 32
    syscall
L71:
    move $t0, $s7
    li $t1, 1
    add $s7, $s7, $t1
    sw $s7, 4($sp)
    j L69
L70:
    la $s7, str_8
    # Save string param str_8 to $s7
    # Call printf
    li $v0, 11
    li $a0, 10
    syscall
L68:
    move $t1, $s6
    li $s5, 1
    add $s6, $s6, $s5
    sw $s6, 0($sp)
    j L66
L67:
    la $s5, str_26
    # Save string param str_26 to $s5
    # Call printf
    li $v0, 11
    li $a0, 10
    syscall
    li $v0, 11
    li $a0, 61
    syscall
    li $v0, 11
    li $a0, 61
    syscall
    li $v0, 11
    li $a0, 61
    syscall
    li $v0, 11
    li $a0, 32
    syscall
    li $v0, 11
    li $a0, 84
    syscall
    li $v0, 11
    li $a0, 101
    syscall
    li $v0, 11
    li $a0, 115
    syscall
    li $v0, 11
    li $a0, 116
    syscall
    li $v0, 11
    li $a0, 32
    syscall
    li $v0, 11
    li $a0, 49
    syscall
    li $v0, 11
    li $a0, 52
    syscall
    li $v0, 11
    li $a0, 58
    syscall
    li $v0, 11
    li $a0, 32
    syscall
    li $v0, 11
    li $a0, 67
    syscall
    li $v0, 11
    li $a0, 111
    syscall
    li $v0, 11
    li $a0, 117
    syscall
    li $v0, 11
    li $a0, 110
    syscall
    li $v0, 11
    li $a0, 116
    syscall
    li $v0, 11
    li $a0, 101
    syscall
    li $v0, 11
    li $a0, 114
    syscall
    li $v0, 11
    li $a0, 32
    syscall
    li $v0, 11
    li $a0, 80
    syscall
    li $v0, 11
    li $a0, 97
    syscall
    li $v0, 11
    li $a0, 116
    syscall
    li $v0, 11
    li $a0, 116
    syscall
    li $v0, 11
    li $a0, 101
    syscall
    li $v0, 11
    li $a0, 114
    syscall
    li $v0, 11
    li $a0, 110
    syscall
    li $v0, 11
    li $a0, 32
    syscall
    li $v0, 11
    li $a0, 61
    syscall
    li $v0, 11
    li $a0, 61
    syscall
    li $v0, 11
    li $a0, 61
    syscall
    li $v0, 11
    li $a0, 10
    syscall
    li $s5, 1
    sw $s5, 132($sp)
    # Reloading i from stack
    lw $s5, 0($sp)
    li $s5, 0
    sw $s5, 0($sp)
L72:
    # Reloading i from stack
    lw $s6, 0($sp)
    li $s7, 3
    slt $s5, $s6, $s7
    beq $s5, $zero, L73
    # Reloading j from stack
    lw $s5, 4($sp)
    li $s5, 0
    sw $s5, 4($sp)
L75:
    # Reloading j from stack
    lw $s7, 4($sp)
    # Spilling t215 to stack
    sw $t1, 136($sp)
    li $t1, 3
    slt $s5, $s7, $t1
    beq $s5, $zero, L76
    li $s5, 3
    mul $t1, $s6, $s5
    add $s5, $t1, $s7
    # Spilling t213 to stack
    sw $t0, 140($sp)
    li $t0, 4
    mul $t1, $s5, $t0
    la $t0, counter
    add $s5, $t0, $t1
    # Reloading count from stack
    lw $t0, 132($sp)
    sw $t0, 0($s5)
    # Spilling t223 to stack
    sw $s5, 144($sp)
    li $s5, 1
    add $t1, $t0, $s5
    move $t0, $t1
    sw $t0, 132($sp)
L77:
    move $t0, $s7
    li $t1, 1
    add $s7, $s7, $t1
    sw $s7, 4($sp)
    j L75
L76:
L74:
    move $t1, $s6
    li $s5, 1
    add $s6, $s6, $s5
    sw $s6, 0($sp)
    j L72
L73:
    la $s6, str_27
    # Save string param str_27 to $s6
    # Call printf
    li $v0, 11
    li $a0, 67
    syscall
    li $v0, 11
    li $a0, 111
    syscall
    li $v0, 11
    li $a0, 117
    syscall
    li $v0, 11
    li $a0, 110
    syscall
    li $v0, 11
    li $a0, 116
    syscall
    li $v0, 11
    li $a0, 101
    syscall
    li $v0, 11
    li $a0, 114
    syscall
    li $v0, 11
    li $a0, 32
    syscall
    li $v0, 11
    li $a0, 109
    syscall
    li $v0, 11
    li $a0, 97
    syscall
    li $v0, 11
    li $a0, 116
    syscall
    li $v0, 11
    li $a0, 114
    syscall
    li $v0, 11
    li $a0, 105
    syscall
    li $v0, 11
    li $a0, 120
    syscall
    li $v0, 11
    li $a0, 58
    syscall
    li $v0, 11
    li $a0, 10
    syscall
    # Reloading i from stack
    lw $s5, 0($sp)
    li $s5, 0
    sw $s5, 0($sp)
L78:
    # Reloading i from stack
    lw $s6, 0($sp)
    li $s7, 3
    slt $s5, $s6, $s7
    beq $s5, $zero, L79
    # Reloading j from stack
    lw $s5, 4($sp)
    li $s5, 0
    sw $s5, 4($sp)
L81:
    # Reloading j from stack
    lw $s7, 4($sp)
    # Spilling t226 to stack
    sw $t1, 148($sp)
    li $t1, 3
    slt $s5, $s7, $t1
    beq $s5, $zero, L82
    la $s5, str_7
    # Save string param str_7 to $s5
    li $s5, 3
    mul $t1, $s6, $s5
    add $s5, $t1, $s7
    # Spilling t225 to stack
    sw $t0, 152($sp)
    li $t0, 4
    mul $t1, $s5, $t0
    la $t0, counter
    add $s5, $t0, $t1
    lw $t0, 0($s5)
    move $s5, $t0
    # Save param t235 to $s5
    # Call printf
    # Print integer
    li $v0, 1
    move $a0, $s5
    syscall
    li $v0, 11
    li $a0, 32
    syscall
L83:
    move $t0, $s7
    li $t1, 1
    add $s7, $s7, $t1
    sw $s7, 4($sp)
    j L81
L82:
    la $s7, str_8
    # Save string param str_8 to $s7
    # Call printf
    li $v0, 11
    li $a0, 10
    syscall
L80:
    move $t1, $s6
    li $s5, 1
    add $s6, $s6, $s5
    sw $s6, 0($sp)
    j L78
L79:
    la $s5, str_28
    # Save string param str_28 to $s5
    # Call printf
    li $v0, 11
    li $a0, 10
    syscall
    li $v0, 11
    li $a0, 61
    syscall
    li $v0, 11
    li $a0, 61
    syscall
    li $v0, 11
    li $a0, 61
    syscall
    li $v0, 11
    li $a0, 32
    syscall
    li $v0, 11
    li $a0, 84
    syscall
    li $v0, 11
    li $a0, 101
    syscall
    li $v0, 11
    li $a0, 115
    syscall
    li $v0, 11
    li $a0, 116
    syscall
    li $v0, 11
    li $a0, 32
    syscall
    li $v0, 11
    li $a0, 49
    syscall
    li $v0, 11
    li $a0, 53
    syscall
    li $v0, 11
    li $a0, 58
    syscall
    li $v0, 11
    li $a0, 32
    syscall
    li $v0, 11
    li $a0, 66
    syscall
    li $v0, 11
    li $a0, 111
    syscall
    li $v0, 11
    li $a0, 117
    syscall
    li $v0, 11
    li $a0, 110
    syscall
    li $v0, 11
    li $a0, 100
    syscall
    li $v0, 11
    li $a0, 97
    syscall
    li $v0, 11
    li $a0, 114
    syscall
    li $v0, 11
    li $a0, 121
    syscall
    li $v0, 11
    li $a0, 32
    syscall
    li $v0, 11
    li $a0, 69
    syscall
    li $v0, 11
    li $a0, 108
    syscall
    li $v0, 11
    li $a0, 101
    syscall
    li $v0, 11
    li $a0, 109
    syscall
    li $v0, 11
    li $a0, 101
    syscall
    li $v0, 11
    li $a0, 110
    syscall
    li $v0, 11
    li $a0, 116
    syscall
    li $v0, 11
    li $a0, 115
    syscall
    li $v0, 11
    li $a0, 32
    syscall
    li $v0, 11
    li $a0, 61
    syscall
    li $v0, 11
    li $a0, 61
    syscall
    li $v0, 11
    li $a0, 61
    syscall
    li $v0, 11
    li $a0, 10
    syscall
    la $s6, str_29
    # Save string param str_29 to $s6
    # Call printf
    li $v0, 11
    li $a0, 84
    syscall
    li $v0, 11
    li $a0, 111
    syscall
    li $v0, 11
    li $a0, 112
    syscall
    li $v0, 11
    li $a0, 32
    syscall
    li $v0, 11
    li $a0, 114
    syscall
    li $v0, 11
    li $a0, 111
    syscall
    li $v0, 11
    li $a0, 119
    syscall
    li $v0, 11
    li $a0, 58
    syscall
    li $v0, 11
    li $a0, 32
    syscall
    # Reloading j from stack
    lw $s5, 4($sp)
    li $s5, 0
    sw $s5, 4($sp)
L84:
    # Reloading j from stack
    lw $s6, 4($sp)
    li $s7, 3
    slt $s5, $s6, $s7
    beq $s5, $zero, L85
    la $s7, str_7
    # Save string param str_7 to $s7
    li $s7, 0
    # Spilling temp_literal to stack
    sw $s7, 156($sp)
    li $s7, 3
    mul $s5, $s7, $s7
    add $s7, $s5, $s6
    # Spilling t239 to stack
    sw $t1, 160($sp)
    li $t1, 4
    mul $s5, $s7, $t1
    la $t1, var_a
    add $s7, $t1, $s5
    lw $t1, 0($s7)
    move $s5, $t1
    # Save param t248 to $s5
    # Call printf
    # Print integer
    li $v0, 1
    move $a0, $s5
    syscall
    li $v0, 11
    li $a0, 32
    syscall
L86:
    move $t1, $s6
    li $s5, 1
    add $s6, $s6, $s5
    sw $s6, 4($sp)
    j L84
L85:
    la $s6, str_8
    # Save string param str_8 to $s6
    # Call printf
    li $v0, 11
    li $a0, 10
    syscall
    la $s7, str_30
    # Save string param str_30 to $s7
    # Call printf
    li $v0, 11
    li $a0, 66
    syscall
    li $v0, 11
    li $a0, 111
    syscall
    li $v0, 11
    li $a0, 116
    syscall
    li $v0, 11
    li $a0, 116
    syscall
    li $v0, 11
    li $a0, 111
    syscall
    li $v0, 11
    li $a0, 109
    syscall
    li $v0, 11
    li $a0, 32
    syscall
    li $v0, 11
    li $a0, 114
    syscall
    li $v0, 11
    li $a0, 111
    syscall
    li $v0, 11
    li $a0, 119
    syscall
    li $v0, 11
    li $a0, 58
    syscall
    li $v0, 11
    li $a0, 32
    syscall
    # Reloading j from stack
    lw $s5, 4($sp)
    li $s5, 0
    sw $s5, 4($sp)
L87:
    # Reloading j from stack
    lw $s6, 4($sp)
    li $s7, 3
    slt $s5, $s6, $s7
    beq $s5, $zero, L88
    la $s5, str_7
    # Save string param str_7 to $s5
    li $s7, 2
    # Spilling temp_literal to stack
    sw $s7, 164($sp)
    li $s7, 3
    mul $s5, $s7, $s7
    add $s7, $s5, $s6
    # Spilling t250 to stack
    sw $t1, 168($sp)
    li $t1, 4
    mul $s5, $s7, $t1
    la $t1, var_a
    add $s7, $t1, $s5
    lw $t1, 0($s7)
    move $s7, $t1
    # Save param t259 to $s7
    # Call printf
    # Print integer
    li $v0, 1
    move $a0, $s7
    syscall
    li $v0, 11
    li $a0, 32
    syscall
L89:
    move $t1, $s6
    li $s5, 1
    add $s6, $s6, $s5
    sw $s6, 4($sp)
    j L87
L88:
    la $s5, str_8
    # Save string param str_8 to $s5
    # Call printf
    li $v0, 11
    li $a0, 10
    syscall
    la $s6, str_31
    # Save string param str_31 to $s6
    # Call printf
    li $v0, 11
    li $a0, 76
    syscall
    li $v0, 11
    li $a0, 101
    syscall
    li $v0, 11
    li $a0, 102
    syscall
    li $v0, 11
    li $a0, 116
    syscall
    li $v0, 11
    li $a0, 32
    syscall
    li $v0, 11
    li $a0, 99
    syscall
    li $v0, 11
    li $a0, 111
    syscall
    li $v0, 11
    li $a0, 108
    syscall
    li $v0, 11
    li $a0, 117
    syscall
    li $v0, 11
    li $a0, 109
    syscall
    li $v0, 11
    li $a0, 110
    syscall
    li $v0, 11
    li $a0, 58
    syscall
    li $v0, 11
    li $a0, 32
    syscall
    # Reloading i from stack
    lw $s5, 0($sp)
    li $s5, 0
    sw $s5, 0($sp)
L90:
    # Reloading i from stack
    lw $s6, 0($sp)
    li $s7, 3
    slt $s5, $s6, $s7
    beq $s5, $zero, L91
    la $s7, str_7
    # Save string param str_7 to $s7
    li $s7, 3
    mul $s5, $s6, $s7
    # Spilling t261 to stack
    sw $t1, 172($sp)
    li $t1, 0
    add $s7, $s5, $t1
    li $s5, 4
    mul $t1, $s7, $s5
    la $s5, var_a
    add $s7, $s5, $t1
    lw $t1, 0($s7)
    move $s5, $t1
    # Save param t270 to $s5
    # Call printf
    # Print integer
    li $v0, 1
    move $a0, $s5
    syscall
    li $v0, 11
    li $a0, 32
    syscall
L92:
    move $t1, $s6
    li $s5, 1
    add $s6, $s6, $s5
    sw $s6, 0($sp)
    j L90
L91:
    la $s6, str_8
    # Save string param str_8 to $s6
    # Call printf
    li $v0, 11
    li $a0, 10
    syscall
    la $s7, str_32
    # Save string param str_32 to $s7
    # Call printf
    li $v0, 11
    li $a0, 82
    syscall
    li $v0, 11
    li $a0, 105
    syscall
    li $v0, 11
    li $a0, 103
    syscall
    li $v0, 11
    li $a0, 104
    syscall
    li $v0, 11
    li $a0, 116
    syscall
    li $v0, 11
    li $a0, 32
    syscall
    li $v0, 11
    li $a0, 99
    syscall
    li $v0, 11
    li $a0, 111
    syscall
    li $v0, 11
    li $a0, 108
    syscall
    li $v0, 11
    li $a0, 117
    syscall
    li $v0, 11
    li $a0, 109
    syscall
    li $v0, 11
    li $a0, 110
    syscall
    li $v0, 11
    li $a0, 58
    syscall
    li $v0, 11
    li $a0, 32
    syscall
    # Reloading i from stack
    lw $s5, 0($sp)
    li $s5, 0
    sw $s5, 0($sp)
L93:
    # Reloading i from stack
    lw $s6, 0($sp)
    li $s7, 3
    slt $s5, $s6, $s7
    beq $s5, $zero, L94
    la $s5, str_7
    # Save string param str_7 to $s5
    li $s7, 3
    mul $s5, $s6, $s7
    # Spilling t272 to stack
    sw $t1, 176($sp)
    li $t1, 2
    add $s7, $s5, $t1
    li $s5, 4
    mul $t1, $s7, $s5
    la $s5, var_a
    add $s7, $s5, $t1
    lw $t1, 0($s7)
    move $s7, $t1
    # Save param t281 to $s7
    # Call printf
    # Print integer
    li $v0, 1
    move $a0, $s7
    syscall
    li $v0, 11
    li $a0, 32
    syscall
L95:
    move $t1, $s6
    li $s5, 1
    add $s6, $s6, $s5
    sw $s6, 0($sp)
    j L93
L94:
    la $s5, str_8
    # Save string param str_8 to $s5
    # Call printf
    li $v0, 11
    li $a0, 10
    syscall
    la $s6, str_33
    # Save string param str_33 to $s6
    # Call printf
    li $v0, 11
    li $a0, 10
    syscall
    li $v0, 11
    li $a0, 61
    syscall
    li $v0, 11
    li $a0, 61
    syscall
    li $v0, 11
    li $a0, 61
    syscall
    li $v0, 11
    li $a0, 32
    syscall
    li $v0, 11
    li $a0, 65
    syscall
    li $v0, 11
    li $a0, 108
    syscall
    li $v0, 11
    li $a0, 108
    syscall
    li $v0, 11
    li $a0, 32
    syscall
    li $v0, 11
    li $a0, 49
    syscall
    li $v0, 11
    li $a0, 48
    syscall
    li $v0, 11
    li $a0, 32
    syscall
    li $v0, 11
    li $a0, 84
    syscall
    li $v0, 11
    li $a0, 101
    syscall
    li $v0, 11
    li $a0, 115
    syscall
    li $v0, 11
    li $a0, 116
    syscall
    li $v0, 11
    li $a0, 115
    syscall
    li $v0, 11
    li $a0, 32
    syscall
    li $v0, 11
    li $a0, 67
    syscall
    li $v0, 11
    li $a0, 111
    syscall
    li $v0, 11
    li $a0, 109
    syscall
    li $v0, 11
    li $a0, 112
    syscall
    li $v0, 11
    li $a0, 108
    syscall
    li $v0, 11
    li $a0, 101
    syscall
    li $v0, 11
    li $a0, 116
    syscall
    li $v0, 11
    li $a0, 101
    syscall
    li $v0, 11
    li $a0, 100
    syscall
    li $v0, 11
    li $a0, 32
    syscall
    li $v0, 11
    li $a0, 83
    syscall
    li $v0, 11
    li $a0, 117
    syscall
    li $v0, 11
    li $a0, 99
    syscall
    li $v0, 11
    li $a0, 99
    syscall
    li $v0, 11
    li $a0, 101
    syscall
    li $v0, 11
    li $a0, 115
    syscall
    li $v0, 11
    li $a0, 115
    syscall
    li $v0, 11
    li $a0, 102
    syscall
    li $v0, 11
    li $a0, 117
    syscall
    li $v0, 11
    li $a0, 108
    syscall
    li $v0, 11
    li $a0, 108
    syscall
    li $v0, 11
    li $a0, 121
    syscall
    li $v0, 11
    li $a0, 33
    syscall
    li $v0, 11
    li $a0, 32
    syscall
    li $v0, 11
    li $a0, 61
    syscall
    li $v0, 11
    li $a0, 61
    syscall
    li $v0, 11
    li $a0, 61
    syscall
    li $v0, 11
    li $a0, 10
    syscall
    li $v0, 0
    # Restore stack and exit program
    addi $sp, $sp, 256
    li $v0, 10
    syscall

MIPS file generated: output.s

==================================================
COMPILATION SUCCESSFUL
==================================================

✓ Compilation successful
Generated files:
  - output.tac (Three-Address Code)
  - output.s (MIPS Assembly)
  - ast.dot (Abstract Syntax Tree)

Running in SPIM simulator...
========================================
SPIM Version 8.0 of January 8, 2010
Copyright 1990-2010, James R. Larus.
All Rights Reserved.
See the file README for a full copyright notice.
Loaded: /usr/lib/spim/exceptions.s
=== Test 1: Basic 2D Array Access ===
matrix[0][0] = 1
matrix[0][1] = 2
matrix[1][0] = 3
matrix[1][1] = 4

=== Test 2: 3x3 Matrix Operations ===
Original Matrix:
1 2 3 
4 5 6 
7 8 9 

=== Test 3: Matrix Transpose ===
Transposed Matrix:
1 4 7 
2 5 8 
3 6 9 

=== Test 4: Sum of All Elements ===
Total sum: 45

=== Test 5: Row Sums ===
Row 0 sum: 6
Row 1 sum: 15
Row 2 sum: 24

=== Test 6: Column Sums ===
Column 0 sum: 12
Column 1 sum: 15
Column 2 sum: 18

=== Test 7: Diagonal Elements ===
Main diagonal: 1 5 9 
Anti-diagonal: 3 5 7 

=== Test 8: Array Copy ===
Copied array:
1 2 3 
4 5 6 
7 8 9 

=== Test 11: Scalar Multiplication ===
Multiply by 2:
2 4 6 
8 10 12 
14 16 18 

=== Test 10: Pattern Generation ===
Pattern (i+j):
0 1 2 3 
1 2 3 4 
2 3 4 5 
3 4 5 6 

=== Test 14: Counter Pattern ===
Counter matrix:
1 2 3 
4 5 6 
7 8 9 

=== Test 15: Boundary Elements ===
Top row: 1 2 3 
Bottom row: 1 2 3 
Left column: 1 4 7 
Right column: 3 6 9 

=== All 10 Tests Completed Successfully! ===
========================================
